Archive member included because of file (symbol)

/usr/lib/gcc/avr/4.9.2/avr25/tiny-stack/libgcc.a(_exit.o)
                              /usr/lib/gcc/avr/4.9.2/../../../../avr/lib/avr25/tiny-stack/crttn25.o (exit)
/usr/lib/gcc/avr/4.9.2/avr25/tiny-stack/libgcc.a(_clear_bss.o)
                              ./SPI.o (__do_clear_bss)

Discarded input sections

 .bss           0x0000000000000000        0x0 /usr/lib/gcc/avr/4.9.2/../../../../avr/lib/avr25/tiny-stack/crttn25.o
 .text          0x0000000000000000        0x0 ./SPI.o
 .bss           0x0000000000000000        0x0 ./SPI.o
 .text._ZN8SPIClass14endTransactionEv
                0x0000000000000000       0x12 ./SPI.o
 .text          0x0000000000000000        0x0 ./main.o
 .bss           0x0000000000000000        0x0 ./main.o
 .bss.rx_buffer
                0x0000000000000000       0x20 ./main.o
 .text          0x0000000000000000        0x0 /usr/lib/gcc/avr/4.9.2/avr25/tiny-stack/libgcc.a(_exit.o)
 .bss           0x0000000000000000        0x0 /usr/lib/gcc/avr/4.9.2/avr25/tiny-stack/libgcc.a(_exit.o)
 .text.libgcc.mul
                0x0000000000000000        0x0 /usr/lib/gcc/avr/4.9.2/avr25/tiny-stack/libgcc.a(_exit.o)
 .text.libgcc.div
                0x0000000000000000        0x0 /usr/lib/gcc/avr/4.9.2/avr25/tiny-stack/libgcc.a(_exit.o)
 .text.libgcc   0x0000000000000000        0x0 /usr/lib/gcc/avr/4.9.2/avr25/tiny-stack/libgcc.a(_exit.o)
 .text.libgcc.prologue
                0x0000000000000000        0x0 /usr/lib/gcc/avr/4.9.2/avr25/tiny-stack/libgcc.a(_exit.o)
 .text.libgcc.builtins
                0x0000000000000000        0x0 /usr/lib/gcc/avr/4.9.2/avr25/tiny-stack/libgcc.a(_exit.o)
 .text.libgcc.fmul
                0x0000000000000000        0x0 /usr/lib/gcc/avr/4.9.2/avr25/tiny-stack/libgcc.a(_exit.o)
 .text.libgcc.fixed
                0x0000000000000000        0x0 /usr/lib/gcc/avr/4.9.2/avr25/tiny-stack/libgcc.a(_exit.o)
 .text          0x0000000000000000        0x0 /usr/lib/gcc/avr/4.9.2/avr25/tiny-stack/libgcc.a(_clear_bss.o)
 .bss           0x0000000000000000        0x0 /usr/lib/gcc/avr/4.9.2/avr25/tiny-stack/libgcc.a(_clear_bss.o)
 .text.libgcc.mul
                0x0000000000000000        0x0 /usr/lib/gcc/avr/4.9.2/avr25/tiny-stack/libgcc.a(_clear_bss.o)
 .text.libgcc.div
                0x0000000000000000        0x0 /usr/lib/gcc/avr/4.9.2/avr25/tiny-stack/libgcc.a(_clear_bss.o)
 .text.libgcc   0x0000000000000000        0x0 /usr/lib/gcc/avr/4.9.2/avr25/tiny-stack/libgcc.a(_clear_bss.o)
 .text.libgcc.prologue
                0x0000000000000000        0x0 /usr/lib/gcc/avr/4.9.2/avr25/tiny-stack/libgcc.a(_clear_bss.o)
 .text.libgcc.builtins
                0x0000000000000000        0x0 /usr/lib/gcc/avr/4.9.2/avr25/tiny-stack/libgcc.a(_clear_bss.o)
 .text.libgcc.fmul
                0x0000000000000000        0x0 /usr/lib/gcc/avr/4.9.2/avr25/tiny-stack/libgcc.a(_clear_bss.o)
 .text.libgcc.fixed
                0x0000000000000000        0x0 /usr/lib/gcc/avr/4.9.2/avr25/tiny-stack/libgcc.a(_clear_bss.o)

Memory Configuration

Name             Origin             Length             Attributes
text             0x0000000000000000 0x0000000000002000 xr
data             0x0000000000800060 0x000000000000ffa0 rw !x
eeprom           0x0000000000810000 0x0000000000010000 rw !x
fuse             0x0000000000820000 0x0000000000000400 rw !x
lock             0x0000000000830000 0x0000000000000400 rw !x
signature        0x0000000000840000 0x0000000000000400 rw !x
*default*        0x0000000000000000 0xffffffffffffffff

Linker script and memory map

LOAD /usr/lib/gcc/avr/4.9.2/../../../../avr/lib/avr25/tiny-stack/crttn25.o
LOAD ./SPI.o
LOAD ./main.o
LOAD /usr/lib/gcc/avr/4.9.2/avr25/tiny-stack/libgcc.a
LOAD /usr/lib/gcc/avr/4.9.2/../../../../avr/lib/avr25/tiny-stack/libm.a
START GROUP
LOAD /usr/lib/gcc/avr/4.9.2/avr25/tiny-stack/libgcc.a
LOAD /usr/lib/gcc/avr/4.9.2/../../../../avr/lib/avr25/tiny-stack/libm.a
LOAD /usr/lib/gcc/avr/4.9.2/../../../../avr/lib/avr25/tiny-stack/libc.a
END GROUP

.hash
 *(.hash)

.dynsym
 *(.dynsym)

.dynstr
 *(.dynstr)

.gnu.version
 *(.gnu.version)

.gnu.version_d
 *(.gnu.version_d)

.gnu.version_r
 *(.gnu.version_r)

.rel.init
 *(.rel.init)

.rela.init
 *(.rela.init)

.rel.text
 *(.rel.text)
 *(.rel.text.*)
 *(.rel.gnu.linkonce.t*)

.rela.text
 *(.rela.text)
 *(.rela.text.*)
 *(.rela.gnu.linkonce.t*)

.rel.fini
 *(.rel.fini)

.rela.fini
 *(.rela.fini)

.rel.rodata
 *(.rel.rodata)
 *(.rel.rodata.*)
 *(.rel.gnu.linkonce.r*)

.rela.rodata
 *(.rela.rodata)
 *(.rela.rodata.*)
 *(.rela.gnu.linkonce.r*)

.rel.data
 *(.rel.data)
 *(.rel.data.*)
 *(.rel.gnu.linkonce.d*)

.rela.data
 *(.rela.data)
 *(.rela.data.*)
 *(.rela.gnu.linkonce.d*)

.rel.ctors
 *(.rel.ctors)

.rela.ctors
 *(.rela.ctors)

.rel.dtors
 *(.rel.dtors)

.rela.dtors
 *(.rela.dtors)

.rel.got
 *(.rel.got)

.rela.got
 *(.rela.got)

.rel.bss
 *(.rel.bss)

.rela.bss
 *(.rela.bss)

.rel.plt
 *(.rel.plt)

.rela.plt
 *(.rela.plt)

.text           0x0000000000000000      0x1a4
 *(.vectors)
 .vectors       0x0000000000000000       0x1e /usr/lib/gcc/avr/4.9.2/../../../../avr/lib/avr25/tiny-stack/crttn25.o
                0x0000000000000000                __vectors
                0x0000000000000000                __vector_default
 *(.vectors)
 *(.progmem.gcc*)
                0x000000000000001e                . = ALIGN (0x2)
                0x000000000000001e                __trampolines_start = .
 *(.trampolines)
 .trampolines   0x000000000000001e        0x0 linker stubs
 *(.trampolines*)
                0x000000000000001e                __trampolines_end = .
 *(.progmem*)
                0x000000000000001e                . = ALIGN (0x2)
 *(.jumptables)
 *(.jumptables*)
 *(.lowtext)
 *(.lowtext*)
                0x000000000000001e                __ctors_start = .
 *(.ctors)
                0x000000000000001e                __ctors_end = .
                0x000000000000001e                __dtors_start = .
 *(.dtors)
                0x000000000000001e                __dtors_end = .
 SORT(*)(.ctors)
 SORT(*)(.dtors)
 *(.init0)
 .init0         0x000000000000001e        0x0 /usr/lib/gcc/avr/4.9.2/../../../../avr/lib/avr25/tiny-stack/crttn25.o
                0x000000000000001e                __init
 *(.init0)
 *(.init1)
 *(.init1)
 *(.init2)
 .init2         0x000000000000001e        0x8 /usr/lib/gcc/avr/4.9.2/../../../../avr/lib/avr25/tiny-stack/crttn25.o
 *(.init2)
 *(.init3)
 *(.init3)
 *(.init4)
 .init4         0x0000000000000026       0x10 /usr/lib/gcc/avr/4.9.2/avr25/tiny-stack/libgcc.a(_clear_bss.o)
                0x0000000000000026                __do_clear_bss
 *(.init4)
 *(.init5)
 *(.init5)
 *(.init6)
 *(.init6)
 *(.init7)
 *(.init7)
 *(.init8)
 *(.init8)
 *(.init9)
 .init9         0x0000000000000036        0x4 /usr/lib/gcc/avr/4.9.2/../../../../avr/lib/avr25/tiny-stack/crttn25.o
 *(.init9)
 *(.text)
 .text          0x000000000000003a        0x2 /usr/lib/gcc/avr/4.9.2/../../../../avr/lib/avr25/tiny-stack/crttn25.o
                0x000000000000003a                __vector_1
                0x000000000000003a                __vector_12
                0x000000000000003a                __bad_interrupt
                0x000000000000003a                __vector_6
                0x000000000000003a                __vector_3
                0x000000000000003a                __vector_11
                0x000000000000003a                __vector_13
                0x000000000000003a                __vector_7
                0x000000000000003a                __vector_5
                0x000000000000003a                __vector_4
                0x000000000000003a                __vector_9
                0x000000000000003a                __vector_8
                0x000000000000003c                . = ALIGN (0x2)
 *(.text.*)
 .text.__vector_14
                0x000000000000003c       0x54 ./SPI.o
                0x000000000000003c                __vector_14
 .text._ZN8SPIClass5beginEv
                0x0000000000000090        0x8 ./SPI.o
                0x0000000000000090                _ZN8SPIClass5beginEv
 .text._ZN8SPIClass9stopTimerEv
                0x0000000000000098        0xe ./SPI.o
                0x0000000000000098                _ZN8SPIClass9stopTimerEv
 .text._ZN8SPIClass10startTimerEv
                0x00000000000000a6        0xe ./SPI.o
                0x00000000000000a6                _ZN8SPIClass10startTimerEv
 .text._ZN8SPIClass14setCounterModeEv
                0x00000000000000b4       0x14 ./SPI.o
                0x00000000000000b4                _ZN8SPIClass14setCounterModeEv
 .text._ZN8SPIClass14setCounterTimeEv
                0x00000000000000c8        0xe ./SPI.o
                0x00000000000000c8                _ZN8SPIClass14setCounterTimeEv
 .text._ZN8SPIClass9configSPIEv
                0x00000000000000d6        0x8 ./SPI.o
                0x00000000000000d6                _ZN8SPIClass9configSPIEv
 .text._ZN8SPIClass16beginTransactionE11SPISettings
                0x00000000000000de       0x18 ./SPI.o
                0x00000000000000de                _ZN8SPIClass16beginTransactionE11SPISettings
 .text._ZN8SPIClass8transferEPvj
                0x00000000000000f6       0x1e ./SPI.o
                0x00000000000000f6                _ZN8SPIClass8transferEPvj
 .text.__vector_2
                0x0000000000000114       0x18 ./main.o
                0x0000000000000114                __vector_2
 .text.__vector_10
                0x000000000000012c       0x16 ./main.o
                0x000000000000012c                __vector_10
 .text.startup.main
                0x0000000000000142       0x5e ./main.o
                0x0000000000000142                main
                0x00000000000001a0                . = ALIGN (0x2)
 *(.fini9)
 .fini9         0x00000000000001a0        0x0 /usr/lib/gcc/avr/4.9.2/avr25/tiny-stack/libgcc.a(_exit.o)
                0x00000000000001a0                exit
                0x00000000000001a0                _exit
 *(.fini9)
 *(.fini8)
 *(.fini8)
 *(.fini7)
 *(.fini7)
 *(.fini6)
 *(.fini6)
 *(.fini5)
 *(.fini5)
 *(.fini4)
 *(.fini4)
 *(.fini3)
 *(.fini3)
 *(.fini2)
 *(.fini2)
 *(.fini1)
 *(.fini1)
 *(.fini0)
 .fini0         0x00000000000001a0        0x4 /usr/lib/gcc/avr/4.9.2/avr25/tiny-stack/libgcc.a(_exit.o)
 *(.fini0)
                0x00000000000001a4                _etext = .

.data           0x0000000000800060        0x0 load address 0x00000000000001a4
                0x0000000000800060                PROVIDE (__data_start, .)
 *(.data)
 .data          0x0000000000800060        0x0 /usr/lib/gcc/avr/4.9.2/../../../../avr/lib/avr25/tiny-stack/crttn25.o
 .data          0x0000000000800060        0x0 ./SPI.o
 .data          0x0000000000800060        0x0 ./main.o
 .data          0x0000000000800060        0x0 /usr/lib/gcc/avr/4.9.2/avr25/tiny-stack/libgcc.a(_exit.o)
 .data          0x0000000000800060        0x0 /usr/lib/gcc/avr/4.9.2/avr25/tiny-stack/libgcc.a(_clear_bss.o)
 *(.data*)
 *(.rodata)
 *(.rodata*)
 *(.gnu.linkonce.d*)
                0x0000000000800060                . = ALIGN (0x2)
                0x0000000000800060                _edata = .
                0x0000000000800060                PROVIDE (__data_end, .)

.bss            0x0000000000800060       0x25
                0x0000000000800060                PROVIDE (__bss_start, .)
 *(.bss)
 *(.bss*)
 .bss.spi_tx_buffer
                0x0000000000800060        0x2 ./SPI.o
                0x0000000000800060                spi_tx_buffer
 .bss.transmissionSize
                0x0000000000800062        0x1 ./SPI.o
                0x0000000000800062                transmissionSize
 .bss.spi_tx_count
                0x0000000000800063        0x1 ./SPI.o
                0x0000000000800063                spi_tx_count
 .bss.SPI       0x0000000000800064        0x1 ./main.o
                0x0000000000800064                SPI
 .bss.tx_buffer
                0x0000000000800065       0x20 ./main.o
                0x0000000000800065                tx_buffer
 *(COMMON)
                0x0000000000800085                PROVIDE (__bss_end, .)
                0x00000000000001a4                __data_load_start = LOADADDR (.data)
                0x00000000000001a4                __data_load_end = (__data_load_start + SIZEOF (.data))

.noinit         0x0000000000800085        0x0
                0x0000000000800085                PROVIDE (__noinit_start, .)
 *(.noinit*)
                0x0000000000800085                PROVIDE (__noinit_end, .)
                0x0000000000800085                _end = .
                0x0000000000800085                PROVIDE (__heap_start, .)

.eeprom         0x0000000000810000        0x0
 *(.eeprom*)
                0x0000000000810000                __eeprom_end = .

.fuse
 *(.fuse)
 *(.lfuse)
 *(.hfuse)
 *(.efuse)

.lock
 *(.lock*)

.signature
 *(.signature*)

.stab           0x0000000000000000     0x15e4
 *(.stab)
 .stab          0x0000000000000000      0x6b4 /usr/lib/gcc/avr/4.9.2/../../../../avr/lib/avr25/tiny-stack/crttn25.o
 .stab          0x00000000000006b4      0x78c ./SPI.o
                                        0x810 (size before relaxing)
 .stab          0x0000000000000e40      0x684 ./main.o
                                        0x690 (size before relaxing)
 .stab          0x00000000000014c4       0x6c /usr/lib/gcc/avr/4.9.2/avr25/tiny-stack/libgcc.a(_exit.o)
                                         0x78 (size before relaxing)
 .stab          0x0000000000001530       0xb4 /usr/lib/gcc/avr/4.9.2/avr25/tiny-stack/libgcc.a(_clear_bss.o)
                                         0xc0 (size before relaxing)

.stabstr        0x0000000000000000     0x10be
 *(.stabstr)
 .stabstr       0x0000000000000000     0x10be /usr/lib/gcc/avr/4.9.2/../../../../avr/lib/avr25/tiny-stack/crttn25.o

.stab.excl
 *(.stab.excl)

.stab.exclstr
 *(.stab.exclstr)

.stab.index
 *(.stab.index)

.stab.indexstr
 *(.stab.indexstr)

.comment        0x0000000000000000       0x20
 *(.comment)
 .comment       0x0000000000000000       0x20 ./SPI.o
                                         0x21 (size before relaxing)
 .comment       0x0000000000000000       0x21 ./main.o

.note.gnu.build-id
 *(.note.gnu.build-id)

.debug
 *(.debug)

.line
 *(.line)

.debug_srcinfo
 *(.debug_srcinfo)

.debug_sfnames
 *(.debug_sfnames)

.debug_aranges
 *(.debug_aranges)

.debug_pubnames
 *(.debug_pubnames)

.debug_info
 *(.debug_info .gnu.linkonce.wi.*)

.debug_abbrev
 *(.debug_abbrev)

.debug_line
 *(.debug_line .debug_line.* .debug_line_end)

.debug_frame
 *(.debug_frame)

.debug_str
 *(.debug_str)

.debug_loc
 *(.debug_loc)

.debug_macinfo
 *(.debug_macinfo)

.debug_weaknames
 *(.debug_weaknames)

.debug_funcnames
 *(.debug_funcnames)

.debug_typenames
 *(.debug_typenames)

.debug_varnames
 *(.debug_varnames)

.debug_pubtypes
 *(.debug_pubtypes)

.debug_ranges
 *(.debug_ranges)

.debug_macro
 *(.debug_macro)
OUTPUT(AVR-USI.elf elf32-avr)
LOAD linker stubs

Cross Reference Table

Symbol                                            File
SPI                                               ./main.o
SPIClass::begin()                                 ./SPI.o
                                                  ./main.o
SPIClass::beginTransaction(SPISettings)           ./SPI.o
                                                  ./main.o
SPIClass::configSPI()                             ./SPI.o
SPIClass::endTransaction()                        ./SPI.o
SPIClass::setCounterMode()                        ./SPI.o
SPIClass::setCounterTime()                        ./SPI.o
SPIClass::startTimer()                            ./SPI.o
SPIClass::stopTimer()                             ./SPI.o
SPIClass::transfer(void*, unsigned int)           ./SPI.o
                                                  ./main.o
__bad_interrupt                                   /usr/lib/gcc/avr/4.9.2/../../../../avr/lib/avr25/tiny-stack/crttn25.o
__bss_end                                         /usr/lib/gcc/avr/4.9.2/avr25/tiny-stack/libgcc.a(_clear_bss.o)
__bss_start                                       /usr/lib/gcc/avr/4.9.2/avr25/tiny-stack/libgcc.a(_clear_bss.o)
__do_clear_bss                                    /usr/lib/gcc/avr/4.9.2/avr25/tiny-stack/libgcc.a(_clear_bss.o)
                                                  ./main.o
                                                  ./SPI.o
__heap_end                                        /usr/lib/gcc/avr/4.9.2/../../../../avr/lib/avr25/tiny-stack/crttn25.o
__init                                            /usr/lib/gcc/avr/4.9.2/../../../../avr/lib/avr25/tiny-stack/crttn25.o
__stack                                           /usr/lib/gcc/avr/4.9.2/../../../../avr/lib/avr25/tiny-stack/crttn25.o
__vector_1                                        /usr/lib/gcc/avr/4.9.2/../../../../avr/lib/avr25/tiny-stack/crttn25.o
__vector_10                                       ./main.o
                                                  /usr/lib/gcc/avr/4.9.2/../../../../avr/lib/avr25/tiny-stack/crttn25.o
__vector_11                                       /usr/lib/gcc/avr/4.9.2/../../../../avr/lib/avr25/tiny-stack/crttn25.o
__vector_12                                       /usr/lib/gcc/avr/4.9.2/../../../../avr/lib/avr25/tiny-stack/crttn25.o
__vector_13                                       /usr/lib/gcc/avr/4.9.2/../../../../avr/lib/avr25/tiny-stack/crttn25.o
__vector_14                                       ./SPI.o
                                                  /usr/lib/gcc/avr/4.9.2/../../../../avr/lib/avr25/tiny-stack/crttn25.o
__vector_2                                        ./main.o
                                                  /usr/lib/gcc/avr/4.9.2/../../../../avr/lib/avr25/tiny-stack/crttn25.o
__vector_3                                        /usr/lib/gcc/avr/4.9.2/../../../../avr/lib/avr25/tiny-stack/crttn25.o
__vector_4                                        /usr/lib/gcc/avr/4.9.2/../../../../avr/lib/avr25/tiny-stack/crttn25.o
__vector_5                                        /usr/lib/gcc/avr/4.9.2/../../../../avr/lib/avr25/tiny-stack/crttn25.o
__vector_6                                        /usr/lib/gcc/avr/4.9.2/../../../../avr/lib/avr25/tiny-stack/crttn25.o
__vector_7                                        /usr/lib/gcc/avr/4.9.2/../../../../avr/lib/avr25/tiny-stack/crttn25.o
__vector_8                                        /usr/lib/gcc/avr/4.9.2/../../../../avr/lib/avr25/tiny-stack/crttn25.o
__vector_9                                        /usr/lib/gcc/avr/4.9.2/../../../../avr/lib/avr25/tiny-stack/crttn25.o
__vector_default                                  /usr/lib/gcc/avr/4.9.2/../../../../avr/lib/avr25/tiny-stack/crttn25.o
__vectors                                         /usr/lib/gcc/avr/4.9.2/../../../../avr/lib/avr25/tiny-stack/crttn25.o
_exit                                             /usr/lib/gcc/avr/4.9.2/avr25/tiny-stack/libgcc.a(_exit.o)
exit                                              /usr/lib/gcc/avr/4.9.2/avr25/tiny-stack/libgcc.a(_exit.o)
                                                  /usr/lib/gcc/avr/4.9.2/../../../../avr/lib/avr25/tiny-stack/crttn25.o
main                                              ./main.o
                                                  /usr/lib/gcc/avr/4.9.2/../../../../avr/lib/avr25/tiny-stack/crttn25.o
rx_buffer                                         ./main.o
spi_tx_buffer                                     ./SPI.o
spi_tx_count                                      ./SPI.o
transmissionSize                                  ./SPI.o
tx_buffer                                         ./main.o
