Archive member included because of file (symbol)

/usr/lib/gcc/avr/4.9.2/avr25/tiny-stack/libgcc.a(_exit.o)
                              /usr/lib/gcc/avr/4.9.2/../../../../avr/lib/avr25/tiny-stack/crttn25.o (exit)
/usr/lib/gcc/avr/4.9.2/avr25/tiny-stack/libgcc.a(_clear_bss.o)
                              ./main.o (__do_clear_bss)
/usr/lib/gcc/avr/4.9.2/../../../../avr/lib/avr25/tiny-stack/libm.a(cmpsf2.o)
                              ./main.o (__ltsf2)
/usr/lib/gcc/avr/4.9.2/../../../../avr/lib/avr25/tiny-stack/libm.a(fixunssfsi.o)
                              ./main.o (__fixunssfsi)
/usr/lib/gcc/avr/4.9.2/../../../../avr/lib/avr25/tiny-stack/libm.a(fp_cmp.o)
                              /usr/lib/gcc/avr/4.9.2/../../../../avr/lib/avr25/tiny-stack/libm.a(cmpsf2.o) (__fp_cmp)
/usr/lib/gcc/avr/4.9.2/../../../../avr/lib/avr25/tiny-stack/libm.a(fp_split3.o)
                              /usr/lib/gcc/avr/4.9.2/../../../../avr/lib/avr25/tiny-stack/libm.a(fixunssfsi.o) (__fp_splitA)
/usr/lib/gcc/avr/4.9.2/../../../../avr/lib/avr25/tiny-stack/libm.a(fp_zero.o)
                              /usr/lib/gcc/avr/4.9.2/../../../../avr/lib/avr25/tiny-stack/libm.a(fixunssfsi.o) (__fp_zero)
/usr/lib/gcc/avr/4.9.2/../../../../avr/lib/avr25/tiny-stack/libm.a(gesf2.o)
                              ./main.o (__gtsf2)
/usr/lib/gcc/avr/4.9.2/../../../../avr/lib/avr25/tiny-stack/libm.a(mulsf3.o)
                              ./main.o (__mulsf3)
/usr/lib/gcc/avr/4.9.2/../../../../avr/lib/avr25/tiny-stack/libm.a(mulsf3x.o)
                              /usr/lib/gcc/avr/4.9.2/../../../../avr/lib/avr25/tiny-stack/libm.a(mulsf3.o) (__mulsf3x)
/usr/lib/gcc/avr/4.9.2/../../../../avr/lib/avr25/tiny-stack/libm.a(fp_inf.o)
                              /usr/lib/gcc/avr/4.9.2/../../../../avr/lib/avr25/tiny-stack/libm.a(mulsf3x.o) (__fp_inf)
/usr/lib/gcc/avr/4.9.2/../../../../avr/lib/avr25/tiny-stack/libm.a(fp_nan.o)
                              /usr/lib/gcc/avr/4.9.2/../../../../avr/lib/avr25/tiny-stack/libm.a(mulsf3x.o) (__fp_nan)
/usr/lib/gcc/avr/4.9.2/../../../../avr/lib/avr25/tiny-stack/libm.a(fp_pscA.o)
                              /usr/lib/gcc/avr/4.9.2/../../../../avr/lib/avr25/tiny-stack/libm.a(mulsf3x.o) (__fp_pscA)
/usr/lib/gcc/avr/4.9.2/../../../../avr/lib/avr25/tiny-stack/libm.a(fp_pscB.o)
                              /usr/lib/gcc/avr/4.9.2/../../../../avr/lib/avr25/tiny-stack/libm.a(mulsf3x.o) (__fp_pscB)
/usr/lib/gcc/avr/4.9.2/../../../../avr/lib/avr25/tiny-stack/libm.a(fp_round.o)
                              /usr/lib/gcc/avr/4.9.2/../../../../avr/lib/avr25/tiny-stack/libm.a(mulsf3.o) (__fp_round)

Discarded input sections

 .bss           0x0000000000000000        0x0 /usr/lib/gcc/avr/4.9.2/../../../../avr/lib/avr25/tiny-stack/crttn25.o
 .text          0x0000000000000000        0x0 ./main.o
 .bss           0x0000000000000000        0x0 ./main.o
 .text          0x0000000000000000        0x0 /usr/lib/gcc/avr/4.9.2/avr25/tiny-stack/libgcc.a(_exit.o)
 .bss           0x0000000000000000        0x0 /usr/lib/gcc/avr/4.9.2/avr25/tiny-stack/libgcc.a(_exit.o)
 .text.libgcc.mul
                0x0000000000000000        0x0 /usr/lib/gcc/avr/4.9.2/avr25/tiny-stack/libgcc.a(_exit.o)
 .text.libgcc.div
                0x0000000000000000        0x0 /usr/lib/gcc/avr/4.9.2/avr25/tiny-stack/libgcc.a(_exit.o)
 .text.libgcc   0x0000000000000000        0x0 /usr/lib/gcc/avr/4.9.2/avr25/tiny-stack/libgcc.a(_exit.o)
 .text.libgcc.prologue
                0x0000000000000000        0x0 /usr/lib/gcc/avr/4.9.2/avr25/tiny-stack/libgcc.a(_exit.o)
 .text.libgcc.builtins
                0x0000000000000000        0x0 /usr/lib/gcc/avr/4.9.2/avr25/tiny-stack/libgcc.a(_exit.o)
 .text.libgcc.fmul
                0x0000000000000000        0x0 /usr/lib/gcc/avr/4.9.2/avr25/tiny-stack/libgcc.a(_exit.o)
 .text.libgcc.fixed
                0x0000000000000000        0x0 /usr/lib/gcc/avr/4.9.2/avr25/tiny-stack/libgcc.a(_exit.o)
 .text          0x0000000000000000        0x0 /usr/lib/gcc/avr/4.9.2/avr25/tiny-stack/libgcc.a(_clear_bss.o)
 .bss           0x0000000000000000        0x0 /usr/lib/gcc/avr/4.9.2/avr25/tiny-stack/libgcc.a(_clear_bss.o)
 .text.libgcc.mul
                0x0000000000000000        0x0 /usr/lib/gcc/avr/4.9.2/avr25/tiny-stack/libgcc.a(_clear_bss.o)
 .text.libgcc.div
                0x0000000000000000        0x0 /usr/lib/gcc/avr/4.9.2/avr25/tiny-stack/libgcc.a(_clear_bss.o)
 .text.libgcc   0x0000000000000000        0x0 /usr/lib/gcc/avr/4.9.2/avr25/tiny-stack/libgcc.a(_clear_bss.o)
 .text.libgcc.prologue
                0x0000000000000000        0x0 /usr/lib/gcc/avr/4.9.2/avr25/tiny-stack/libgcc.a(_clear_bss.o)
 .text.libgcc.builtins
                0x0000000000000000        0x0 /usr/lib/gcc/avr/4.9.2/avr25/tiny-stack/libgcc.a(_clear_bss.o)
 .text.libgcc.fmul
                0x0000000000000000        0x0 /usr/lib/gcc/avr/4.9.2/avr25/tiny-stack/libgcc.a(_clear_bss.o)
 .text.libgcc.fixed
                0x0000000000000000        0x0 /usr/lib/gcc/avr/4.9.2/avr25/tiny-stack/libgcc.a(_clear_bss.o)
 .text          0x0000000000000000        0x0 /usr/lib/gcc/avr/4.9.2/../../../../avr/lib/avr25/tiny-stack/libm.a(cmpsf2.o)
 .bss           0x0000000000000000        0x0 /usr/lib/gcc/avr/4.9.2/../../../../avr/lib/avr25/tiny-stack/libm.a(cmpsf2.o)
 .text          0x0000000000000000        0x0 /usr/lib/gcc/avr/4.9.2/../../../../avr/lib/avr25/tiny-stack/libm.a(fixunssfsi.o)
 .bss           0x0000000000000000        0x0 /usr/lib/gcc/avr/4.9.2/../../../../avr/lib/avr25/tiny-stack/libm.a(fixunssfsi.o)
 .text          0x0000000000000000        0x0 /usr/lib/gcc/avr/4.9.2/../../../../avr/lib/avr25/tiny-stack/libm.a(fp_cmp.o)
 .bss           0x0000000000000000        0x0 /usr/lib/gcc/avr/4.9.2/../../../../avr/lib/avr25/tiny-stack/libm.a(fp_cmp.o)
 .text          0x0000000000000000        0x0 /usr/lib/gcc/avr/4.9.2/../../../../avr/lib/avr25/tiny-stack/libm.a(fp_split3.o)
 .bss           0x0000000000000000        0x0 /usr/lib/gcc/avr/4.9.2/../../../../avr/lib/avr25/tiny-stack/libm.a(fp_split3.o)
 .text          0x0000000000000000        0x0 /usr/lib/gcc/avr/4.9.2/../../../../avr/lib/avr25/tiny-stack/libm.a(fp_zero.o)
 .bss           0x0000000000000000        0x0 /usr/lib/gcc/avr/4.9.2/../../../../avr/lib/avr25/tiny-stack/libm.a(fp_zero.o)
 .text          0x0000000000000000        0x0 /usr/lib/gcc/avr/4.9.2/../../../../avr/lib/avr25/tiny-stack/libm.a(gesf2.o)
 .bss           0x0000000000000000        0x0 /usr/lib/gcc/avr/4.9.2/../../../../avr/lib/avr25/tiny-stack/libm.a(gesf2.o)
 .text          0x0000000000000000        0x0 /usr/lib/gcc/avr/4.9.2/../../../../avr/lib/avr25/tiny-stack/libm.a(mulsf3.o)
 .bss           0x0000000000000000        0x0 /usr/lib/gcc/avr/4.9.2/../../../../avr/lib/avr25/tiny-stack/libm.a(mulsf3.o)
 .text          0x0000000000000000        0x0 /usr/lib/gcc/avr/4.9.2/../../../../avr/lib/avr25/tiny-stack/libm.a(mulsf3x.o)
 .bss           0x0000000000000000        0x0 /usr/lib/gcc/avr/4.9.2/../../../../avr/lib/avr25/tiny-stack/libm.a(mulsf3x.o)
 .text          0x0000000000000000        0x0 /usr/lib/gcc/avr/4.9.2/../../../../avr/lib/avr25/tiny-stack/libm.a(fp_inf.o)
 .bss           0x0000000000000000        0x0 /usr/lib/gcc/avr/4.9.2/../../../../avr/lib/avr25/tiny-stack/libm.a(fp_inf.o)
 .text          0x0000000000000000        0x0 /usr/lib/gcc/avr/4.9.2/../../../../avr/lib/avr25/tiny-stack/libm.a(fp_nan.o)
 .bss           0x0000000000000000        0x0 /usr/lib/gcc/avr/4.9.2/../../../../avr/lib/avr25/tiny-stack/libm.a(fp_nan.o)
 .text          0x0000000000000000        0x0 /usr/lib/gcc/avr/4.9.2/../../../../avr/lib/avr25/tiny-stack/libm.a(fp_pscA.o)
 .bss           0x0000000000000000        0x0 /usr/lib/gcc/avr/4.9.2/../../../../avr/lib/avr25/tiny-stack/libm.a(fp_pscA.o)
 .text          0x0000000000000000        0x0 /usr/lib/gcc/avr/4.9.2/../../../../avr/lib/avr25/tiny-stack/libm.a(fp_pscB.o)
 .bss           0x0000000000000000        0x0 /usr/lib/gcc/avr/4.9.2/../../../../avr/lib/avr25/tiny-stack/libm.a(fp_pscB.o)
 .text          0x0000000000000000        0x0 /usr/lib/gcc/avr/4.9.2/../../../../avr/lib/avr25/tiny-stack/libm.a(fp_round.o)
 .bss           0x0000000000000000        0x0 /usr/lib/gcc/avr/4.9.2/../../../../avr/lib/avr25/tiny-stack/libm.a(fp_round.o)

Memory Configuration

Name             Origin             Length             Attributes
text             0x0000000000000000 0x0000000000002000 xr
data             0x0000000000800060 0x000000000000ffa0 rw !x
eeprom           0x0000000000810000 0x0000000000010000 rw !x
fuse             0x0000000000820000 0x0000000000000400 rw !x
lock             0x0000000000830000 0x0000000000000400 rw !x
signature        0x0000000000840000 0x0000000000000400 rw !x
*default*        0x0000000000000000 0xffffffffffffffff

Linker script and memory map

LOAD /usr/lib/gcc/avr/4.9.2/../../../../avr/lib/avr25/tiny-stack/crttn25.o
LOAD ./main.o
LOAD /usr/lib/gcc/avr/4.9.2/avr25/tiny-stack/libgcc.a
LOAD /usr/lib/gcc/avr/4.9.2/../../../../avr/lib/avr25/tiny-stack/libm.a
START GROUP
LOAD /usr/lib/gcc/avr/4.9.2/avr25/tiny-stack/libgcc.a
LOAD /usr/lib/gcc/avr/4.9.2/../../../../avr/lib/avr25/tiny-stack/libm.a
LOAD /usr/lib/gcc/avr/4.9.2/../../../../avr/lib/avr25/tiny-stack/libc.a
END GROUP

.hash
 *(.hash)

.dynsym
 *(.dynsym)

.dynstr
 *(.dynstr)

.gnu.version
 *(.gnu.version)

.gnu.version_d
 *(.gnu.version_d)

.gnu.version_r
 *(.gnu.version_r)

.rel.init
 *(.rel.init)

.rela.init
 *(.rela.init)

.rel.text
 *(.rel.text)
 *(.rel.text.*)
 *(.rel.gnu.linkonce.t*)

.rela.text
 *(.rela.text)
 *(.rela.text.*)
 *(.rela.gnu.linkonce.t*)

.rel.fini
 *(.rel.fini)

.rela.fini
 *(.rela.fini)

.rel.rodata
 *(.rel.rodata)
 *(.rel.rodata.*)
 *(.rel.gnu.linkonce.r*)

.rela.rodata
 *(.rela.rodata)
 *(.rela.rodata.*)
 *(.rela.gnu.linkonce.r*)

.rel.data
 *(.rel.data)
 *(.rel.data.*)
 *(.rel.gnu.linkonce.d*)

.rela.data
 *(.rela.data)
 *(.rela.data.*)
 *(.rela.gnu.linkonce.d*)

.rel.ctors
 *(.rel.ctors)

.rela.ctors
 *(.rela.ctors)

.rel.dtors
 *(.rel.dtors)

.rela.dtors
 *(.rela.dtors)

.rel.got
 *(.rel.got)

.rela.got
 *(.rela.got)

.rel.bss
 *(.rel.bss)

.rela.bss
 *(.rela.bss)

.rel.plt
 *(.rel.plt)

.rela.plt
 *(.rela.plt)

.text           0x0000000000000000      0x518
 *(.vectors)
 .vectors       0x0000000000000000       0x1e /usr/lib/gcc/avr/4.9.2/../../../../avr/lib/avr25/tiny-stack/crttn25.o
                0x0000000000000000                __vectors
                0x0000000000000000                __vector_default
 *(.vectors)
 *(.progmem.gcc*)
                0x000000000000001e                . = ALIGN (0x2)
                0x000000000000001e                __trampolines_start = .
 *(.trampolines)
 .trampolines   0x000000000000001e        0x0 linker stubs
 *(.trampolines*)
                0x000000000000001e                __trampolines_end = .
 *(.progmem*)
                0x000000000000001e                . = ALIGN (0x2)
 *(.jumptables)
 *(.jumptables*)
 *(.lowtext)
 *(.lowtext*)
                0x000000000000001e                __ctors_start = .
 *(.ctors)
                0x000000000000001e                __ctors_end = .
                0x000000000000001e                __dtors_start = .
 *(.dtors)
                0x000000000000001e                __dtors_end = .
 SORT(*)(.ctors)
 SORT(*)(.dtors)
 *(.init0)
 .init0         0x000000000000001e        0x0 /usr/lib/gcc/avr/4.9.2/../../../../avr/lib/avr25/tiny-stack/crttn25.o
                0x000000000000001e                __init
 *(.init0)
 *(.init1)
 *(.init1)
 *(.init2)
 .init2         0x000000000000001e        0x8 /usr/lib/gcc/avr/4.9.2/../../../../avr/lib/avr25/tiny-stack/crttn25.o
 *(.init2)
 *(.init3)
 *(.init3)
 *(.init4)
 .init4         0x0000000000000026       0x10 /usr/lib/gcc/avr/4.9.2/avr25/tiny-stack/libgcc.a(_clear_bss.o)
                0x0000000000000026                __do_clear_bss
 *(.init4)
 *(.init5)
 *(.init5)
 *(.init6)
 *(.init6)
 *(.init7)
 *(.init7)
 *(.init8)
 *(.init8)
 *(.init9)
 .init9         0x0000000000000036        0x4 /usr/lib/gcc/avr/4.9.2/../../../../avr/lib/avr25/tiny-stack/crttn25.o
 *(.init9)
 *(.text)
 .text          0x000000000000003a        0x2 /usr/lib/gcc/avr/4.9.2/../../../../avr/lib/avr25/tiny-stack/crttn25.o
                0x000000000000003a                __vector_1
                0x000000000000003a                __vector_12
                0x000000000000003a                __bad_interrupt
                0x000000000000003a                __vector_6
                0x000000000000003a                __vector_3
                0x000000000000003a                __vector_11
                0x000000000000003a                __vector_13
                0x000000000000003a                __vector_7
                0x000000000000003a                __vector_5
                0x000000000000003a                __vector_4
                0x000000000000003a                __vector_9
                0x000000000000003a                __vector_8
                0x000000000000003a                __vector_14
                0x000000000000003a                __vector_10
                0x000000000000003c                . = ALIGN (0x2)
 *(.text.*)
 .text.__vector_2
                0x000000000000003c       0x62 ./main.o
                0x000000000000003c                __vector_2
 .text.main     0x000000000000009e      0x24e ./main.o
                0x000000000000009e                main
 .text.avr-libc.fplib
                0x00000000000002ec        0x8 /usr/lib/gcc/avr/4.9.2/../../../../avr/lib/avr25/tiny-stack/libm.a(cmpsf2.o)
                0x00000000000002ec                __lesf2
                0x00000000000002ec                __nesf2
                0x00000000000002ec                __eqsf2
                0x00000000000002ec                __cmpsf2
                0x00000000000002ec                __ltsf2
 .text.avr-libc.fplib
                0x00000000000002f4       0x58 /usr/lib/gcc/avr/4.9.2/../../../../avr/lib/avr25/tiny-stack/libm.a(fixunssfsi.o)
                0x00000000000002f4                __fixunssfsi
 .text.avr-libc.fplib
                0x000000000000034c       0x48 /usr/lib/gcc/avr/4.9.2/../../../../avr/lib/avr25/tiny-stack/libm.a(fp_cmp.o)
                0x000000000000034c                __fp_cmp
 .text.avr-libc.fplib
                0x0000000000000394       0x44 /usr/lib/gcc/avr/4.9.2/../../../../avr/lib/avr25/tiny-stack/libm.a(fp_split3.o)
                0x0000000000000394                __fp_split3
                0x00000000000003a4                __fp_splitA
 .text.avr-libc.fplib
                0x00000000000003d8        0xe /usr/lib/gcc/avr/4.9.2/../../../../avr/lib/avr25/tiny-stack/libm.a(fp_zero.o)
                0x00000000000003d8                __fp_zero
                0x00000000000003da                __fp_szero
 .text.avr-libc.fplib
                0x00000000000003e6        0x8 /usr/lib/gcc/avr/4.9.2/../../../../avr/lib/avr25/tiny-stack/libm.a(gesf2.o)
                0x00000000000003e6                __gtsf2
                0x00000000000003e6                __gesf2
 .text.avr-libc.fplib
                0x00000000000003ee        0x4 /usr/lib/gcc/avr/4.9.2/../../../../avr/lib/avr25/tiny-stack/libm.a(mulsf3.o)
                0x00000000000003ee                __mulsf3
 .text.avr-libc.fplib
                0x00000000000003f2       0xd2 /usr/lib/gcc/avr/4.9.2/../../../../avr/lib/avr25/tiny-stack/libm.a(mulsf3x.o)
                0x0000000000000404                __mulsf3x
                0x0000000000000408                __mulsf3_pse
 .text.avr-libc.fplib
                0x00000000000004c4        0xc /usr/lib/gcc/avr/4.9.2/../../../../avr/lib/avr25/tiny-stack/libm.a(fp_inf.o)
                0x00000000000004c4                __fp_inf
 .text.avr-libc.fplib
                0x00000000000004d0        0x6 /usr/lib/gcc/avr/4.9.2/../../../../avr/lib/avr25/tiny-stack/libm.a(fp_nan.o)
                0x00000000000004d0                __fp_nan
 .text.avr-libc.fplib
                0x00000000000004d6        0xe /usr/lib/gcc/avr/4.9.2/../../../../avr/lib/avr25/tiny-stack/libm.a(fp_pscA.o)
                0x00000000000004d6                __fp_pscA
 .text.avr-libc.fplib
                0x00000000000004e4        0xe /usr/lib/gcc/avr/4.9.2/../../../../avr/lib/avr25/tiny-stack/libm.a(fp_pscB.o)
                0x00000000000004e4                __fp_pscB
 .text.avr-libc.fplib
                0x00000000000004f2       0x22 /usr/lib/gcc/avr/4.9.2/../../../../avr/lib/avr25/tiny-stack/libm.a(fp_round.o)
                0x00000000000004f2                __fp_round
                0x0000000000000514                . = ALIGN (0x2)
 *(.fini9)
 .fini9         0x0000000000000514        0x0 /usr/lib/gcc/avr/4.9.2/avr25/tiny-stack/libgcc.a(_exit.o)
                0x0000000000000514                exit
                0x0000000000000514                _exit
 *(.fini9)
 *(.fini8)
 *(.fini8)
 *(.fini7)
 *(.fini7)
 *(.fini6)
 *(.fini6)
 *(.fini5)
 *(.fini5)
 *(.fini4)
 *(.fini4)
 *(.fini3)
 *(.fini3)
 *(.fini2)
 *(.fini2)
 *(.fini1)
 *(.fini1)
 *(.fini0)
 .fini0         0x0000000000000514        0x4 /usr/lib/gcc/avr/4.9.2/avr25/tiny-stack/libgcc.a(_exit.o)
 *(.fini0)
                0x0000000000000518                _etext = .

.data           0x0000000000800060        0x0 load address 0x0000000000000518
                0x0000000000800060                PROVIDE (__data_start, .)
 *(.data)
 .data          0x0000000000800060        0x0 /usr/lib/gcc/avr/4.9.2/../../../../avr/lib/avr25/tiny-stack/crttn25.o
 .data          0x0000000000800060        0x0 ./main.o
 .data          0x0000000000800060        0x0 /usr/lib/gcc/avr/4.9.2/avr25/tiny-stack/libgcc.a(_exit.o)
 .data          0x0000000000800060        0x0 /usr/lib/gcc/avr/4.9.2/avr25/tiny-stack/libgcc.a(_clear_bss.o)
 .data          0x0000000000800060        0x0 /usr/lib/gcc/avr/4.9.2/../../../../avr/lib/avr25/tiny-stack/libm.a(cmpsf2.o)
 .data          0x0000000000800060        0x0 /usr/lib/gcc/avr/4.9.2/../../../../avr/lib/avr25/tiny-stack/libm.a(fixunssfsi.o)
 .data          0x0000000000800060        0x0 /usr/lib/gcc/avr/4.9.2/../../../../avr/lib/avr25/tiny-stack/libm.a(fp_cmp.o)
 .data          0x0000000000800060        0x0 /usr/lib/gcc/avr/4.9.2/../../../../avr/lib/avr25/tiny-stack/libm.a(fp_split3.o)
 .data          0x0000000000800060        0x0 /usr/lib/gcc/avr/4.9.2/../../../../avr/lib/avr25/tiny-stack/libm.a(fp_zero.o)
 .data          0x0000000000800060        0x0 /usr/lib/gcc/avr/4.9.2/../../../../avr/lib/avr25/tiny-stack/libm.a(gesf2.o)
 .data          0x0000000000800060        0x0 /usr/lib/gcc/avr/4.9.2/../../../../avr/lib/avr25/tiny-stack/libm.a(mulsf3.o)
 .data          0x0000000000800060        0x0 /usr/lib/gcc/avr/4.9.2/../../../../avr/lib/avr25/tiny-stack/libm.a(mulsf3x.o)
 .data          0x0000000000800060        0x0 /usr/lib/gcc/avr/4.9.2/../../../../avr/lib/avr25/tiny-stack/libm.a(fp_inf.o)
 .data          0x0000000000800060        0x0 /usr/lib/gcc/avr/4.9.2/../../../../avr/lib/avr25/tiny-stack/libm.a(fp_nan.o)
 .data          0x0000000000800060        0x0 /usr/lib/gcc/avr/4.9.2/../../../../avr/lib/avr25/tiny-stack/libm.a(fp_pscA.o)
 .data          0x0000000000800060        0x0 /usr/lib/gcc/avr/4.9.2/../../../../avr/lib/avr25/tiny-stack/libm.a(fp_pscB.o)
 .data          0x0000000000800060        0x0 /usr/lib/gcc/avr/4.9.2/../../../../avr/lib/avr25/tiny-stack/libm.a(fp_round.o)
 *(.data*)
 *(.rodata)
 *(.rodata*)
 *(.gnu.linkonce.d*)
                0x0000000000800060                . = ALIGN (0x2)
                0x0000000000800060                _edata = .
                0x0000000000800060                PROVIDE (__data_end, .)

.bss            0x0000000000800060        0x1
                0x0000000000800060                PROVIDE (__bss_start, .)
 *(.bss)
 *(.bss*)
 .bss.buttomValue
                0x0000000000800060        0x1 ./main.o
                0x0000000000800060                buttomValue
 *(COMMON)
                0x0000000000800061                PROVIDE (__bss_end, .)
                0x0000000000000518                __data_load_start = LOADADDR (.data)
                0x0000000000000518                __data_load_end = (__data_load_start + SIZEOF (.data))

.noinit         0x0000000000800061        0x0
                0x0000000000800061                PROVIDE (__noinit_start, .)
 *(.noinit*)
                0x0000000000800061                PROVIDE (__noinit_end, .)
                0x0000000000800061                _end = .
                0x0000000000800061                PROVIDE (__heap_start, .)

.eeprom         0x0000000000810000        0x0
 *(.eeprom*)
                0x0000000000810000                __eeprom_end = .

.fuse
 *(.fuse)
 *(.lfuse)
 *(.hfuse)
 *(.efuse)

.lock
 *(.lock*)

.signature
 *(.signature*)

.stab           0x0000000000000000     0x1ea8
 *(.stab)
 .stab          0x0000000000000000      0x6b4 /usr/lib/gcc/avr/4.9.2/../../../../avr/lib/avr25/tiny-stack/crttn25.o
 .stab          0x00000000000006b4      0x708 ./main.o
                                        0x714 (size before relaxing)
 .stab          0x0000000000000dbc       0x6c /usr/lib/gcc/avr/4.9.2/avr25/tiny-stack/libgcc.a(_exit.o)
                                         0x78 (size before relaxing)
 .stab          0x0000000000000e28       0xb4 /usr/lib/gcc/avr/4.9.2/avr25/tiny-stack/libgcc.a(_clear_bss.o)
                                         0xc0 (size before relaxing)
 .stab          0x0000000000000edc       0x90 /usr/lib/gcc/avr/4.9.2/../../../../avr/lib/avr25/tiny-stack/libm.a(cmpsf2.o)
                                         0x9c (size before relaxing)
 .stab          0x0000000000000f6c      0x240 /usr/lib/gcc/avr/4.9.2/../../../../avr/lib/avr25/tiny-stack/libm.a(fixunssfsi.o)
                                        0x24c (size before relaxing)
 .stab          0x00000000000011ac      0x1e0 /usr/lib/gcc/avr/4.9.2/../../../../avr/lib/avr25/tiny-stack/libm.a(fp_cmp.o)
                                        0x1ec (size before relaxing)
 .stab          0x000000000000138c      0x1d4 /usr/lib/gcc/avr/4.9.2/../../../../avr/lib/avr25/tiny-stack/libm.a(fp_split3.o)
                                        0x1e0 (size before relaxing)
 .stab          0x0000000000001560       0x90 /usr/lib/gcc/avr/4.9.2/../../../../avr/lib/avr25/tiny-stack/libm.a(fp_zero.o)
                                         0x9c (size before relaxing)
 .stab          0x00000000000015f0       0x6c /usr/lib/gcc/avr/4.9.2/../../../../avr/lib/avr25/tiny-stack/libm.a(gesf2.o)
                                         0x78 (size before relaxing)
 .stab          0x000000000000165c       0x48 /usr/lib/gcc/avr/4.9.2/../../../../avr/lib/avr25/tiny-stack/libm.a(mulsf3.o)
                                         0x54 (size before relaxing)
 .stab          0x00000000000016a4      0x534 /usr/lib/gcc/avr/4.9.2/../../../../avr/lib/avr25/tiny-stack/libm.a(mulsf3x.o)
                                        0x540 (size before relaxing)
 .stab          0x0000000000001bd8       0x78 /usr/lib/gcc/avr/4.9.2/../../../../avr/lib/avr25/tiny-stack/libm.a(fp_inf.o)
                                         0x84 (size before relaxing)
 .stab          0x0000000000001c50       0x54 /usr/lib/gcc/avr/4.9.2/../../../../avr/lib/avr25/tiny-stack/libm.a(fp_nan.o)
                                         0x60 (size before relaxing)
 .stab          0x0000000000001ca4       0x84 /usr/lib/gcc/avr/4.9.2/../../../../avr/lib/avr25/tiny-stack/libm.a(fp_pscA.o)
                                         0x90 (size before relaxing)
 .stab          0x0000000000001d28       0x84 /usr/lib/gcc/avr/4.9.2/../../../../avr/lib/avr25/tiny-stack/libm.a(fp_pscB.o)
                                         0x90 (size before relaxing)
 .stab          0x0000000000001dac       0xfc /usr/lib/gcc/avr/4.9.2/../../../../avr/lib/avr25/tiny-stack/libm.a(fp_round.o)
                                        0x108 (size before relaxing)

.stabstr        0x0000000000000000     0x100e
 *(.stabstr)
 .stabstr       0x0000000000000000     0x100e /usr/lib/gcc/avr/4.9.2/../../../../avr/lib/avr25/tiny-stack/crttn25.o

.stab.excl
 *(.stab.excl)

.stab.exclstr
 *(.stab.exclstr)

.stab.index
 *(.stab.index)

.stab.indexstr
 *(.stab.indexstr)

.comment        0x0000000000000000       0x20
 *(.comment)
 .comment       0x0000000000000000       0x20 ./main.o
                                         0x21 (size before relaxing)

.note.gnu.build-id
 *(.note.gnu.build-id)

.debug
 *(.debug)

.line
 *(.line)

.debug_srcinfo
 *(.debug_srcinfo)

.debug_sfnames
 *(.debug_sfnames)

.debug_aranges
 *(.debug_aranges)

.debug_pubnames
 *(.debug_pubnames)

.debug_info
 *(.debug_info .gnu.linkonce.wi.*)

.debug_abbrev
 *(.debug_abbrev)

.debug_line
 *(.debug_line .debug_line.* .debug_line_end)

.debug_frame
 *(.debug_frame)

.debug_str
 *(.debug_str)

.debug_loc
 *(.debug_loc)

.debug_macinfo
 *(.debug_macinfo)

.debug_weaknames
 *(.debug_weaknames)

.debug_funcnames
 *(.debug_funcnames)

.debug_typenames
 *(.debug_typenames)

.debug_varnames
 *(.debug_varnames)

.debug_pubtypes
 *(.debug_pubtypes)

.debug_ranges
 *(.debug_ranges)

.debug_macro
 *(.debug_macro)
OUTPUT(AVR-INT.elf elf32-avr)
LOAD linker stubs

Cross Reference Table

Symbol                                            File
__bad_interrupt                                   /usr/lib/gcc/avr/4.9.2/../../../../avr/lib/avr25/tiny-stack/crttn25.o
__bss_end                                         /usr/lib/gcc/avr/4.9.2/avr25/tiny-stack/libgcc.a(_clear_bss.o)
__bss_start                                       /usr/lib/gcc/avr/4.9.2/avr25/tiny-stack/libgcc.a(_clear_bss.o)
__cmpsf2                                          /usr/lib/gcc/avr/4.9.2/../../../../avr/lib/avr25/tiny-stack/libm.a(cmpsf2.o)
__do_clear_bss                                    /usr/lib/gcc/avr/4.9.2/avr25/tiny-stack/libgcc.a(_clear_bss.o)
                                                  ./main.o
__eqsf2                                           /usr/lib/gcc/avr/4.9.2/../../../../avr/lib/avr25/tiny-stack/libm.a(cmpsf2.o)
__fixunssfsi                                      /usr/lib/gcc/avr/4.9.2/../../../../avr/lib/avr25/tiny-stack/libm.a(fixunssfsi.o)
                                                  ./main.o
__fp_cmp                                          /usr/lib/gcc/avr/4.9.2/../../../../avr/lib/avr25/tiny-stack/libm.a(fp_cmp.o)
                                                  /usr/lib/gcc/avr/4.9.2/../../../../avr/lib/avr25/tiny-stack/libm.a(gesf2.o)
                                                  /usr/lib/gcc/avr/4.9.2/../../../../avr/lib/avr25/tiny-stack/libm.a(cmpsf2.o)
__fp_inf                                          /usr/lib/gcc/avr/4.9.2/../../../../avr/lib/avr25/tiny-stack/libm.a(fp_inf.o)
                                                  /usr/lib/gcc/avr/4.9.2/../../../../avr/lib/avr25/tiny-stack/libm.a(mulsf3x.o)
__fp_nan                                          /usr/lib/gcc/avr/4.9.2/../../../../avr/lib/avr25/tiny-stack/libm.a(fp_nan.o)
                                                  /usr/lib/gcc/avr/4.9.2/../../../../avr/lib/avr25/tiny-stack/libm.a(mulsf3x.o)
__fp_pscA                                         /usr/lib/gcc/avr/4.9.2/../../../../avr/lib/avr25/tiny-stack/libm.a(fp_pscA.o)
                                                  /usr/lib/gcc/avr/4.9.2/../../../../avr/lib/avr25/tiny-stack/libm.a(mulsf3x.o)
__fp_pscB                                         /usr/lib/gcc/avr/4.9.2/../../../../avr/lib/avr25/tiny-stack/libm.a(fp_pscB.o)
                                                  /usr/lib/gcc/avr/4.9.2/../../../../avr/lib/avr25/tiny-stack/libm.a(mulsf3x.o)
__fp_round                                        /usr/lib/gcc/avr/4.9.2/../../../../avr/lib/avr25/tiny-stack/libm.a(fp_round.o)
                                                  /usr/lib/gcc/avr/4.9.2/../../../../avr/lib/avr25/tiny-stack/libm.a(mulsf3.o)
__fp_split3                                       /usr/lib/gcc/avr/4.9.2/../../../../avr/lib/avr25/tiny-stack/libm.a(fp_split3.o)
                                                  /usr/lib/gcc/avr/4.9.2/../../../../avr/lib/avr25/tiny-stack/libm.a(mulsf3x.o)
__fp_splitA                                       /usr/lib/gcc/avr/4.9.2/../../../../avr/lib/avr25/tiny-stack/libm.a(fp_split3.o)
                                                  /usr/lib/gcc/avr/4.9.2/../../../../avr/lib/avr25/tiny-stack/libm.a(fixunssfsi.o)
__fp_szero                                        /usr/lib/gcc/avr/4.9.2/../../../../avr/lib/avr25/tiny-stack/libm.a(fp_zero.o)
                                                  /usr/lib/gcc/avr/4.9.2/../../../../avr/lib/avr25/tiny-stack/libm.a(mulsf3x.o)
__fp_zero                                         /usr/lib/gcc/avr/4.9.2/../../../../avr/lib/avr25/tiny-stack/libm.a(fp_zero.o)
                                                  /usr/lib/gcc/avr/4.9.2/../../../../avr/lib/avr25/tiny-stack/libm.a(fixunssfsi.o)
__gesf2                                           /usr/lib/gcc/avr/4.9.2/../../../../avr/lib/avr25/tiny-stack/libm.a(gesf2.o)
__gtsf2                                           /usr/lib/gcc/avr/4.9.2/../../../../avr/lib/avr25/tiny-stack/libm.a(gesf2.o)
                                                  ./main.o
__heap_end                                        /usr/lib/gcc/avr/4.9.2/../../../../avr/lib/avr25/tiny-stack/crttn25.o
__init                                            /usr/lib/gcc/avr/4.9.2/../../../../avr/lib/avr25/tiny-stack/crttn25.o
__lesf2                                           /usr/lib/gcc/avr/4.9.2/../../../../avr/lib/avr25/tiny-stack/libm.a(cmpsf2.o)
__ltsf2                                           /usr/lib/gcc/avr/4.9.2/../../../../avr/lib/avr25/tiny-stack/libm.a(cmpsf2.o)
                                                  ./main.o
__mulsf3                                          /usr/lib/gcc/avr/4.9.2/../../../../avr/lib/avr25/tiny-stack/libm.a(mulsf3.o)
                                                  ./main.o
__mulsf3_pse                                      /usr/lib/gcc/avr/4.9.2/../../../../avr/lib/avr25/tiny-stack/libm.a(mulsf3x.o)
__mulsf3x                                         /usr/lib/gcc/avr/4.9.2/../../../../avr/lib/avr25/tiny-stack/libm.a(mulsf3x.o)
                                                  /usr/lib/gcc/avr/4.9.2/../../../../avr/lib/avr25/tiny-stack/libm.a(mulsf3.o)
__nesf2                                           /usr/lib/gcc/avr/4.9.2/../../../../avr/lib/avr25/tiny-stack/libm.a(cmpsf2.o)
__stack                                           /usr/lib/gcc/avr/4.9.2/../../../../avr/lib/avr25/tiny-stack/crttn25.o
__vector_1                                        /usr/lib/gcc/avr/4.9.2/../../../../avr/lib/avr25/tiny-stack/crttn25.o
__vector_10                                       /usr/lib/gcc/avr/4.9.2/../../../../avr/lib/avr25/tiny-stack/crttn25.o
__vector_11                                       /usr/lib/gcc/avr/4.9.2/../../../../avr/lib/avr25/tiny-stack/crttn25.o
__vector_12                                       /usr/lib/gcc/avr/4.9.2/../../../../avr/lib/avr25/tiny-stack/crttn25.o
__vector_13                                       /usr/lib/gcc/avr/4.9.2/../../../../avr/lib/avr25/tiny-stack/crttn25.o
__vector_14                                       /usr/lib/gcc/avr/4.9.2/../../../../avr/lib/avr25/tiny-stack/crttn25.o
__vector_2                                        ./main.o
                                                  /usr/lib/gcc/avr/4.9.2/../../../../avr/lib/avr25/tiny-stack/crttn25.o
__vector_3                                        /usr/lib/gcc/avr/4.9.2/../../../../avr/lib/avr25/tiny-stack/crttn25.o
__vector_4                                        /usr/lib/gcc/avr/4.9.2/../../../../avr/lib/avr25/tiny-stack/crttn25.o
__vector_5                                        /usr/lib/gcc/avr/4.9.2/../../../../avr/lib/avr25/tiny-stack/crttn25.o
__vector_6                                        /usr/lib/gcc/avr/4.9.2/../../../../avr/lib/avr25/tiny-stack/crttn25.o
__vector_7                                        /usr/lib/gcc/avr/4.9.2/../../../../avr/lib/avr25/tiny-stack/crttn25.o
__vector_8                                        /usr/lib/gcc/avr/4.9.2/../../../../avr/lib/avr25/tiny-stack/crttn25.o
__vector_9                                        /usr/lib/gcc/avr/4.9.2/../../../../avr/lib/avr25/tiny-stack/crttn25.o
__vector_default                                  /usr/lib/gcc/avr/4.9.2/../../../../avr/lib/avr25/tiny-stack/crttn25.o
__vectors                                         /usr/lib/gcc/avr/4.9.2/../../../../avr/lib/avr25/tiny-stack/crttn25.o
_exit                                             /usr/lib/gcc/avr/4.9.2/avr25/tiny-stack/libgcc.a(_exit.o)
buttomValue                                       ./main.o
exit                                              /usr/lib/gcc/avr/4.9.2/avr25/tiny-stack/libgcc.a(_exit.o)
                                                  /usr/lib/gcc/avr/4.9.2/../../../../avr/lib/avr25/tiny-stack/crttn25.o
main                                              ./main.o
                                                  /usr/lib/gcc/avr/4.9.2/../../../../avr/lib/avr25/tiny-stack/crttn25.o
