Archive member included because of file (symbol)

/usr/lib/gcc/avr/4.9.2/avr25/tiny-stack/libgcc.a(_exit.o)
                              /usr/lib/gcc/avr/4.9.2/../../../../avr/lib/avr25/tiny-stack/crttn25.o (exit)
/usr/lib/gcc/avr/4.9.2/avr25/tiny-stack/libgcc.a(_clear_bss.o)
                              ./SPIClass.o (__do_clear_bss)
/usr/lib/gcc/avr/4.9.2/avr25/tiny-stack/libgcc.a(_ctors.o)
                              ./main.o (__do_global_ctors)
/usr/lib/gcc/avr/4.9.2/avr25/tiny-stack/libgcc.a(_dtors.o)
                              ./main.o (__do_global_dtors)
/usr/lib/gcc/avr/4.9.2/avr25/tiny-stack/libgcc.a(_tablejump2.o)
                              /usr/lib/gcc/avr/4.9.2/avr25/tiny-stack/libgcc.a(_ctors.o) (__tablejump2__)

Discarded input sections

 .bss           0x0000000000000000        0x0 /usr/lib/gcc/avr/4.9.2/../../../../avr/lib/avr25/tiny-stack/crttn25.o
 .text          0x0000000000000000        0x0 ./SPIClass.o
 .bss           0x0000000000000000        0x0 ./SPIClass.o
 .text._ZN8SPIClassC2ER11SPISettings
                0x0000000000000000        0x8 ./SPIClass.o
 .text._ZN8SPIClass9stopTimerEv
                0x0000000000000000        0xe ./SPIClass.o
 .text._ZN8SPIClass10startTimerEv
                0x0000000000000000        0xe ./SPIClass.o
 .text._ZN8SPIClass14setCounterModeEv
                0x0000000000000000       0x14 ./SPIClass.o
 .text._ZN8SPIClass14setCounterTimeEv
                0x0000000000000000        0xe ./SPIClass.o
 .text._ZN8SPIClass9configSPIE11SPISettings
                0x0000000000000000       0x1e ./SPIClass.o
 .text._ZN8SPIClass4stopEv
                0x0000000000000000        0x8 ./SPIClass.o
 .text._ZN8SPIClass8transferEPvj
                0x0000000000000000       0x2a ./SPIClass.o
 .text          0x0000000000000000        0x0 ./main.o
 .bss           0x0000000000000000        0x0 ./main.o
 .text          0x0000000000000000        0x0 ./wrapper_arduino.o
 .bss           0x0000000000000000        0x0 ./wrapper_arduino.o
 .text._Z12digitalWritehh
                0x0000000000000000       0x20 ./wrapper_arduino.o
 .text._Z7pinModehh
                0x0000000000000000       0x34 ./wrapper_arduino.o
 .text._Z11digitalReadh
                0x0000000000000000        0x4 ./wrapper_arduino.o
 .text._Z5delayh
                0x0000000000000000       0x16 ./wrapper_arduino.o
 .text._Z6memcpyPhS_h
                0x0000000000000000       0x22 ./wrapper_arduino.o
 .text          0x0000000000000000        0x0 /usr/lib/gcc/avr/4.9.2/avr25/tiny-stack/libgcc.a(_exit.o)
 .bss           0x0000000000000000        0x0 /usr/lib/gcc/avr/4.9.2/avr25/tiny-stack/libgcc.a(_exit.o)
 .text.libgcc.mul
                0x0000000000000000        0x0 /usr/lib/gcc/avr/4.9.2/avr25/tiny-stack/libgcc.a(_exit.o)
 .text.libgcc.div
                0x0000000000000000        0x0 /usr/lib/gcc/avr/4.9.2/avr25/tiny-stack/libgcc.a(_exit.o)
 .text.libgcc   0x0000000000000000        0x0 /usr/lib/gcc/avr/4.9.2/avr25/tiny-stack/libgcc.a(_exit.o)
 .text.libgcc.prologue
                0x0000000000000000        0x0 /usr/lib/gcc/avr/4.9.2/avr25/tiny-stack/libgcc.a(_exit.o)
 .text.libgcc.builtins
                0x0000000000000000        0x0 /usr/lib/gcc/avr/4.9.2/avr25/tiny-stack/libgcc.a(_exit.o)
 .text.libgcc.fmul
                0x0000000000000000        0x0 /usr/lib/gcc/avr/4.9.2/avr25/tiny-stack/libgcc.a(_exit.o)
 .text.libgcc.fixed
                0x0000000000000000        0x0 /usr/lib/gcc/avr/4.9.2/avr25/tiny-stack/libgcc.a(_exit.o)
 .text          0x0000000000000000        0x0 /usr/lib/gcc/avr/4.9.2/avr25/tiny-stack/libgcc.a(_clear_bss.o)
 .bss           0x0000000000000000        0x0 /usr/lib/gcc/avr/4.9.2/avr25/tiny-stack/libgcc.a(_clear_bss.o)
 .text.libgcc.mul
                0x0000000000000000        0x0 /usr/lib/gcc/avr/4.9.2/avr25/tiny-stack/libgcc.a(_clear_bss.o)
 .text.libgcc.div
                0x0000000000000000        0x0 /usr/lib/gcc/avr/4.9.2/avr25/tiny-stack/libgcc.a(_clear_bss.o)
 .text.libgcc   0x0000000000000000        0x0 /usr/lib/gcc/avr/4.9.2/avr25/tiny-stack/libgcc.a(_clear_bss.o)
 .text.libgcc.prologue
                0x0000000000000000        0x0 /usr/lib/gcc/avr/4.9.2/avr25/tiny-stack/libgcc.a(_clear_bss.o)
 .text.libgcc.builtins
                0x0000000000000000        0x0 /usr/lib/gcc/avr/4.9.2/avr25/tiny-stack/libgcc.a(_clear_bss.o)
 .text.libgcc.fmul
                0x0000000000000000        0x0 /usr/lib/gcc/avr/4.9.2/avr25/tiny-stack/libgcc.a(_clear_bss.o)
 .text.libgcc.fixed
                0x0000000000000000        0x0 /usr/lib/gcc/avr/4.9.2/avr25/tiny-stack/libgcc.a(_clear_bss.o)
 .text          0x0000000000000000        0x0 /usr/lib/gcc/avr/4.9.2/avr25/tiny-stack/libgcc.a(_ctors.o)
 .bss           0x0000000000000000        0x0 /usr/lib/gcc/avr/4.9.2/avr25/tiny-stack/libgcc.a(_ctors.o)
 .text.libgcc.mul
                0x0000000000000000        0x0 /usr/lib/gcc/avr/4.9.2/avr25/tiny-stack/libgcc.a(_ctors.o)
 .text.libgcc.div
                0x0000000000000000        0x0 /usr/lib/gcc/avr/4.9.2/avr25/tiny-stack/libgcc.a(_ctors.o)
 .text.libgcc   0x0000000000000000        0x0 /usr/lib/gcc/avr/4.9.2/avr25/tiny-stack/libgcc.a(_ctors.o)
 .text.libgcc.prologue
                0x0000000000000000        0x0 /usr/lib/gcc/avr/4.9.2/avr25/tiny-stack/libgcc.a(_ctors.o)
 .text.libgcc.builtins
                0x0000000000000000        0x0 /usr/lib/gcc/avr/4.9.2/avr25/tiny-stack/libgcc.a(_ctors.o)
 .text.libgcc.fmul
                0x0000000000000000        0x0 /usr/lib/gcc/avr/4.9.2/avr25/tiny-stack/libgcc.a(_ctors.o)
 .text.libgcc.fixed
                0x0000000000000000        0x0 /usr/lib/gcc/avr/4.9.2/avr25/tiny-stack/libgcc.a(_ctors.o)
 .text          0x0000000000000000        0x0 /usr/lib/gcc/avr/4.9.2/avr25/tiny-stack/libgcc.a(_dtors.o)
 .bss           0x0000000000000000        0x0 /usr/lib/gcc/avr/4.9.2/avr25/tiny-stack/libgcc.a(_dtors.o)
 .text.libgcc.mul
                0x0000000000000000        0x0 /usr/lib/gcc/avr/4.9.2/avr25/tiny-stack/libgcc.a(_dtors.o)
 .text.libgcc.div
                0x0000000000000000        0x0 /usr/lib/gcc/avr/4.9.2/avr25/tiny-stack/libgcc.a(_dtors.o)
 .text.libgcc   0x0000000000000000        0x0 /usr/lib/gcc/avr/4.9.2/avr25/tiny-stack/libgcc.a(_dtors.o)
 .text.libgcc.prologue
                0x0000000000000000        0x0 /usr/lib/gcc/avr/4.9.2/avr25/tiny-stack/libgcc.a(_dtors.o)
 .text.libgcc.builtins
                0x0000000000000000        0x0 /usr/lib/gcc/avr/4.9.2/avr25/tiny-stack/libgcc.a(_dtors.o)
 .text.libgcc.fmul
                0x0000000000000000        0x0 /usr/lib/gcc/avr/4.9.2/avr25/tiny-stack/libgcc.a(_dtors.o)
 .text.libgcc.fixed
                0x0000000000000000        0x0 /usr/lib/gcc/avr/4.9.2/avr25/tiny-stack/libgcc.a(_dtors.o)
 .text          0x0000000000000000        0x0 /usr/lib/gcc/avr/4.9.2/avr25/tiny-stack/libgcc.a(_tablejump2.o)
 .bss           0x0000000000000000        0x0 /usr/lib/gcc/avr/4.9.2/avr25/tiny-stack/libgcc.a(_tablejump2.o)
 .text.libgcc.mul
                0x0000000000000000        0x0 /usr/lib/gcc/avr/4.9.2/avr25/tiny-stack/libgcc.a(_tablejump2.o)
 .text.libgcc.div
                0x0000000000000000        0x0 /usr/lib/gcc/avr/4.9.2/avr25/tiny-stack/libgcc.a(_tablejump2.o)
 .text.libgcc.prologue
                0x0000000000000000        0x0 /usr/lib/gcc/avr/4.9.2/avr25/tiny-stack/libgcc.a(_tablejump2.o)
 .text.libgcc.builtins
                0x0000000000000000        0x0 /usr/lib/gcc/avr/4.9.2/avr25/tiny-stack/libgcc.a(_tablejump2.o)
 .text.libgcc.fmul
                0x0000000000000000        0x0 /usr/lib/gcc/avr/4.9.2/avr25/tiny-stack/libgcc.a(_tablejump2.o)
 .text.libgcc.fixed
                0x0000000000000000        0x0 /usr/lib/gcc/avr/4.9.2/avr25/tiny-stack/libgcc.a(_tablejump2.o)

Memory Configuration

Name             Origin             Length             Attributes
text             0x0000000000000000 0x0000000000002000 xr
data             0x0000000000800060 0x000000000000ffa0 rw !x
eeprom           0x0000000000810000 0x0000000000010000 rw !x
fuse             0x0000000000820000 0x0000000000000400 rw !x
lock             0x0000000000830000 0x0000000000000400 rw !x
signature        0x0000000000840000 0x0000000000000400 rw !x
*default*        0x0000000000000000 0xffffffffffffffff

Linker script and memory map

LOAD /usr/lib/gcc/avr/4.9.2/../../../../avr/lib/avr25/tiny-stack/crttn25.o
LOAD ./SPIClass.o
LOAD ./main.o
LOAD ./wrapper_arduino.o
LOAD /usr/lib/gcc/avr/4.9.2/avr25/tiny-stack/libgcc.a
LOAD /usr/lib/gcc/avr/4.9.2/../../../../avr/lib/avr25/tiny-stack/libm.a
START GROUP
LOAD /usr/lib/gcc/avr/4.9.2/avr25/tiny-stack/libgcc.a
LOAD /usr/lib/gcc/avr/4.9.2/../../../../avr/lib/avr25/tiny-stack/libm.a
LOAD /usr/lib/gcc/avr/4.9.2/../../../../avr/lib/avr25/tiny-stack/libc.a
END GROUP

.hash
 *(.hash)

.dynsym
 *(.dynsym)

.dynstr
 *(.dynstr)

.gnu.version
 *(.gnu.version)

.gnu.version_d
 *(.gnu.version_d)

.gnu.version_r
 *(.gnu.version_r)

.rel.init
 *(.rel.init)

.rela.init
 *(.rela.init)

.rel.text
 *(.rel.text)
 *(.rel.text.*)
 *(.rel.gnu.linkonce.t*)

.rela.text
 *(.rela.text)
 *(.rela.text.*)
 *(.rela.gnu.linkonce.t*)

.rel.fini
 *(.rel.fini)

.rela.fini
 *(.rela.fini)

.rel.rodata
 *(.rel.rodata)
 *(.rel.rodata.*)
 *(.rel.gnu.linkonce.r*)

.rela.rodata
 *(.rela.rodata)
 *(.rela.rodata.*)
 *(.rela.gnu.linkonce.r*)

.rel.data
 *(.rel.data)
 *(.rel.data.*)
 *(.rel.gnu.linkonce.d*)

.rela.data
 *(.rela.data)
 *(.rela.data.*)
 *(.rela.gnu.linkonce.d*)

.rel.ctors
 *(.rel.ctors)

.rela.ctors
 *(.rela.ctors)

.rel.dtors
 *(.rel.dtors)

.rela.dtors
 *(.rela.dtors)

.rel.got
 *(.rel.got)

.rela.got
 *(.rela.got)

.rel.bss
 *(.rel.bss)

.rela.bss
 *(.rela.bss)

.rel.plt
 *(.rel.plt)

.rela.plt
 *(.rela.plt)

.text           0x0000000000000000      0x2f2
 *(.vectors)
 .vectors       0x0000000000000000       0x1e /usr/lib/gcc/avr/4.9.2/../../../../avr/lib/avr25/tiny-stack/crttn25.o
                0x0000000000000000                __vectors
                0x0000000000000000                __vector_default
 *(.vectors)
 *(.progmem.gcc*)
                0x000000000000001e                . = ALIGN (0x2)
                0x000000000000001e                __trampolines_start = .
 *(.trampolines)
 .trampolines   0x000000000000001e        0x0 linker stubs
 *(.trampolines*)
                0x000000000000001e                __trampolines_end = .
 *(.progmem*)
                0x000000000000001e                . = ALIGN (0x2)
 *(.jumptables)
 *(.jumptables*)
 *(.lowtext)
 *(.lowtext*)
                0x000000000000001e                __ctors_start = .
 *(.ctors)
 .ctors         0x000000000000001e        0x2 ./main.o
                0x0000000000000020                __ctors_end = .
                0x0000000000000020                __dtors_start = .
 *(.dtors)
 .dtors         0x0000000000000020        0x2 ./main.o
                0x0000000000000022                __dtors_end = .
 SORT(*)(.ctors)
 SORT(*)(.dtors)
 *(.init0)
 .init0         0x0000000000000022        0x0 /usr/lib/gcc/avr/4.9.2/../../../../avr/lib/avr25/tiny-stack/crttn25.o
                0x0000000000000022                __init
 *(.init0)
 *(.init1)
 *(.init1)
 *(.init2)
 .init2         0x0000000000000022        0x8 /usr/lib/gcc/avr/4.9.2/../../../../avr/lib/avr25/tiny-stack/crttn25.o
 *(.init2)
 *(.init3)
 *(.init3)
 *(.init4)
 .init4         0x000000000000002a       0x10 /usr/lib/gcc/avr/4.9.2/avr25/tiny-stack/libgcc.a(_clear_bss.o)
                0x000000000000002a                __do_clear_bss
 *(.init4)
 *(.init5)
 *(.init5)
 *(.init6)
 .init6         0x000000000000003a       0x14 /usr/lib/gcc/avr/4.9.2/avr25/tiny-stack/libgcc.a(_ctors.o)
                0x000000000000003a                __do_global_ctors
 *(.init6)
 *(.init7)
 *(.init7)
 *(.init8)
 *(.init8)
 *(.init9)
 .init9         0x000000000000004e        0x4 /usr/lib/gcc/avr/4.9.2/../../../../avr/lib/avr25/tiny-stack/crttn25.o
 *(.init9)
 *(.text)
 .text          0x0000000000000052        0x2 /usr/lib/gcc/avr/4.9.2/../../../../avr/lib/avr25/tiny-stack/crttn25.o
                0x0000000000000052                __vector_1
                0x0000000000000052                __vector_12
                0x0000000000000052                __bad_interrupt
                0x0000000000000052                __vector_6
                0x0000000000000052                __vector_3
                0x0000000000000052                __vector_11
                0x0000000000000052                __vector_13
                0x0000000000000052                __vector_7
                0x0000000000000052                __vector_5
                0x0000000000000052                __vector_4
                0x0000000000000052                __vector_9
                0x0000000000000052                __vector_8
                0x0000000000000054                . = ALIGN (0x2)
 *(.text.*)
 .text._ZN8SPIClassC2Ev
                0x0000000000000054        0x8 ./SPIClass.o
                0x0000000000000054                _ZN8SPIClassC2Ev
                0x0000000000000054                _ZN8SPIClassC1Ev
 .text._ZN8SPIClassD2Ev
                0x000000000000005c        0x2 ./SPIClass.o
                0x000000000000005c                _ZN8SPIClassD1Ev
                0x000000000000005c                _ZN8SPIClassD2Ev
 .text._ZN8SPIClass5beginEv
                0x000000000000005e        0x6 ./SPIClass.o
                0x000000000000005e                _ZN8SPIClass5beginEv
 .text._ZN8SPIClass16beginTransactionE11SPISettings
                0x0000000000000064       0x52 ./SPIClass.o
                0x0000000000000064                _ZN8SPIClass16beginTransactionE11SPISettings
 .text._ZN8SPIClass8transferEh
                0x00000000000000b6       0x42 ./SPIClass.o
                0x00000000000000b6                _ZN8SPIClass8transferEh
 .text._ZN8SPIClass14endTransactionEv
                0x00000000000000f8       0x12 ./SPIClass.o
                0x00000000000000f8                _ZN8SPIClass14endTransactionEv
 .text._ZN8SPIClass18manage_USI_OVF_ISREv
                0x000000000000010a       0x3e ./SPIClass.o
                0x000000000000010a                _ZN8SPIClass18manage_USI_OVF_ISREv
 .text._ZN8SPIClass23manage_TIMER0_COMPA_ISREv
                0x0000000000000148        0x4 ./SPIClass.o
                0x0000000000000148                _ZN8SPIClass23manage_TIMER0_COMPA_ISREv
 .text.__vector_2
                0x000000000000014c       0x24 ./main.o
                0x000000000000014c                __vector_2
 .text.__vector_14
                0x0000000000000170       0x4a ./main.o
                0x0000000000000170                __vector_14
 .text.__vector_10
                0x00000000000001ba       0x4a ./main.o
                0x00000000000001ba                __vector_10
 .text.startup.main
                0x0000000000000204       0xbe ./main.o
                0x0000000000000204                main
 .text.startup._GLOBAL__sub_I_SPI
                0x00000000000002c2        0x6 ./main.o
 .text.exit._GLOBAL__sub_D_SPI
                0x00000000000002c8        0x6 ./main.o
 .text.libgcc   0x00000000000002ce        0xc /usr/lib/gcc/avr/4.9.2/avr25/tiny-stack/libgcc.a(_tablejump2.o)
                0x00000000000002ce                __tablejump2__
                0x00000000000002da                . = ALIGN (0x2)
 *(.fini9)
 .fini9         0x00000000000002da        0x0 /usr/lib/gcc/avr/4.9.2/avr25/tiny-stack/libgcc.a(_exit.o)
                0x00000000000002da                exit
                0x00000000000002da                _exit
 *(.fini9)
 *(.fini8)
 *(.fini8)
 *(.fini7)
 *(.fini7)
 *(.fini6)
 .fini6         0x00000000000002da       0x14 /usr/lib/gcc/avr/4.9.2/avr25/tiny-stack/libgcc.a(_dtors.o)
                0x00000000000002da                __do_global_dtors
 *(.fini6)
 *(.fini5)
 *(.fini5)
 *(.fini4)
 *(.fini4)
 *(.fini3)
 *(.fini3)
 *(.fini2)
 *(.fini2)
 *(.fini1)
 *(.fini1)
 *(.fini0)
 .fini0         0x00000000000002ee        0x4 /usr/lib/gcc/avr/4.9.2/avr25/tiny-stack/libgcc.a(_exit.o)
 *(.fini0)
                0x00000000000002f2                _etext = .

.data           0x0000000000800060        0x0 load address 0x00000000000002f2
                0x0000000000800060                PROVIDE (__data_start, .)
 *(.data)
 .data          0x0000000000800060        0x0 /usr/lib/gcc/avr/4.9.2/../../../../avr/lib/avr25/tiny-stack/crttn25.o
 .data          0x0000000000800060        0x0 ./SPIClass.o
 .data          0x0000000000800060        0x0 ./main.o
 .data          0x0000000000800060        0x0 ./wrapper_arduino.o
 .data          0x0000000000800060        0x0 /usr/lib/gcc/avr/4.9.2/avr25/tiny-stack/libgcc.a(_exit.o)
 .data          0x0000000000800060        0x0 /usr/lib/gcc/avr/4.9.2/avr25/tiny-stack/libgcc.a(_clear_bss.o)
 .data          0x0000000000800060        0x0 /usr/lib/gcc/avr/4.9.2/avr25/tiny-stack/libgcc.a(_ctors.o)
 .data          0x0000000000800060        0x0 /usr/lib/gcc/avr/4.9.2/avr25/tiny-stack/libgcc.a(_dtors.o)
 .data          0x0000000000800060        0x0 /usr/lib/gcc/avr/4.9.2/avr25/tiny-stack/libgcc.a(_tablejump2.o)
 *(.data*)
 *(.rodata)
 *(.rodata*)
 *(.gnu.linkonce.d*)
                0x0000000000800060                . = ALIGN (0x2)
                0x0000000000800060                _edata = .
                0x0000000000800060                PROVIDE (__data_end, .)

.bss            0x0000000000800060        0xb
                0x0000000000800060                PROVIDE (__bss_start, .)
 *(.bss)
 *(.bss*)
 .bss.usi_byte_read
                0x0000000000800060        0x1 ./SPIClass.o
                0x0000000000800060                usi_byte_read
 .bss.spi_tx_buffer
                0x0000000000800061        0x2 ./SPIClass.o
                0x0000000000800061                spi_tx_buffer
 .bss.transmissionSize
                0x0000000000800063        0x1 ./SPIClass.o
                0x0000000000800063                transmissionSize
 .bss.spi_tx_count
                0x0000000000800064        0x1 ./SPIClass.o
                0x0000000000800064                spi_tx_count
 .bss.spiOn     0x0000000000800065        0x1 ./main.o
                0x0000000000800065                spiOn
 .bss.SPI       0x0000000000800066        0x5 ./main.o
                0x0000000000800066                SPI
 *(COMMON)
                0x000000000080006b                PROVIDE (__bss_end, .)
                0x00000000000002f2                __data_load_start = LOADADDR (.data)
                0x00000000000002f2                __data_load_end = (__data_load_start + SIZEOF (.data))

.noinit         0x000000000080006b        0x0
                0x000000000080006b                PROVIDE (__noinit_start, .)
 *(.noinit*)
                0x000000000080006b                PROVIDE (__noinit_end, .)
                0x000000000080006b                _end = .
                0x000000000080006b                PROVIDE (__heap_start, .)

.eeprom         0x0000000000810000        0x0
 *(.eeprom*)
                0x0000000000810000                __eeprom_end = .

.fuse
 *(.fuse)
 *(.lfuse)
 *(.hfuse)
 *(.efuse)

.lock
 *(.lock*)

.signature
 *(.signature*)

.stab           0x0000000000000000     0x1f74
 *(.stab)
 .stab          0x0000000000000000      0x6b4 /usr/lib/gcc/avr/4.9.2/../../../../avr/lib/avr25/tiny-stack/crttn25.o
 .stab          0x00000000000006b4      0x894 ./SPIClass.o
                                        0xaf8 (size before relaxing)
 .stab          0x0000000000000f48      0x81c ./main.o
                                        0x828 (size before relaxing)
 .stab          0x0000000000001764      0x4a4 ./wrapper_arduino.o
                                        0x654 (size before relaxing)
 .stab          0x0000000000001c08       0x6c /usr/lib/gcc/avr/4.9.2/avr25/tiny-stack/libgcc.a(_exit.o)
                                         0x78 (size before relaxing)
 .stab          0x0000000000001c74       0xb4 /usr/lib/gcc/avr/4.9.2/avr25/tiny-stack/libgcc.a(_clear_bss.o)
                                         0xc0 (size before relaxing)
 .stab          0x0000000000001d28       0xd8 /usr/lib/gcc/avr/4.9.2/avr25/tiny-stack/libgcc.a(_ctors.o)
                                         0xe4 (size before relaxing)
 .stab          0x0000000000001e00       0xd8 /usr/lib/gcc/avr/4.9.2/avr25/tiny-stack/libgcc.a(_dtors.o)
                                         0xe4 (size before relaxing)
 .stab          0x0000000000001ed8       0x9c /usr/lib/gcc/avr/4.9.2/avr25/tiny-stack/libgcc.a(_tablejump2.o)
                                         0xa8 (size before relaxing)

.stabstr        0x0000000000000000     0x1713
 *(.stabstr)
 .stabstr       0x0000000000000000     0x1713 /usr/lib/gcc/avr/4.9.2/../../../../avr/lib/avr25/tiny-stack/crttn25.o

.stab.excl
 *(.stab.excl)

.stab.exclstr
 *(.stab.exclstr)

.stab.index
 *(.stab.index)

.stab.indexstr
 *(.stab.indexstr)

.comment        0x0000000000000000       0x20
 *(.comment)
 .comment       0x0000000000000000       0x20 ./SPIClass.o
                                         0x21 (size before relaxing)
 .comment       0x0000000000000000       0x21 ./main.o
 .comment       0x0000000000000000       0x21 ./wrapper_arduino.o

.note.gnu.build-id
 *(.note.gnu.build-id)

.debug
 *(.debug)

.line
 *(.line)

.debug_srcinfo
 *(.debug_srcinfo)

.debug_sfnames
 *(.debug_sfnames)

.debug_aranges
 *(.debug_aranges)

.debug_pubnames
 *(.debug_pubnames)

.debug_info
 *(.debug_info .gnu.linkonce.wi.*)

.debug_abbrev
 *(.debug_abbrev)

.debug_line
 *(.debug_line .debug_line.* .debug_line_end)

.debug_frame
 *(.debug_frame)

.debug_str
 *(.debug_str)

.debug_loc
 *(.debug_loc)

.debug_macinfo
 *(.debug_macinfo)

.debug_weaknames
 *(.debug_weaknames)

.debug_funcnames
 *(.debug_funcnames)

.debug_typenames
 *(.debug_typenames)

.debug_varnames
 *(.debug_varnames)

.debug_pubtypes
 *(.debug_pubtypes)

.debug_ranges
 *(.debug_ranges)

.debug_macro
 *(.debug_macro)
OUTPUT(at25_rfid.elf elf32-avr)
LOAD linker stubs

Cross Reference Table

Symbol                                            File
SPI                                               ./main.o
SPIClass::SPIClass()                              ./SPIClass.o
SPIClass::SPIClass()                              ./SPIClass.o
                                                  ./main.o
SPIClass::SPIClass(SPISettings&)                  ./SPIClass.o
SPIClass::SPIClass(SPISettings&)                  ./SPIClass.o
SPIClass::begin()                                 ./SPIClass.o
                                                  ./main.o
SPIClass::beginTransaction(SPISettings)           ./SPIClass.o
                                                  ./main.o
SPIClass::configSPI(SPISettings)                  ./SPIClass.o
SPIClass::endTransaction()                        ./SPIClass.o
                                                  ./main.o
SPIClass::manage_TIMER0_COMPA_ISR()               ./SPIClass.o
                                                  ./main.o
SPIClass::manage_USI_OVF_ISR()                    ./SPIClass.o
                                                  ./main.o
SPIClass::setCounterMode()                        ./SPIClass.o
SPIClass::setCounterTime()                        ./SPIClass.o
SPIClass::startTimer()                            ./SPIClass.o
SPIClass::stop()                                  ./SPIClass.o
SPIClass::stopTimer()                             ./SPIClass.o
SPIClass::transfer(unsigned char)                 ./SPIClass.o
                                                  ./main.o
SPIClass::transfer(void*, unsigned int)           ./SPIClass.o
SPIClass::~SPIClass()                             ./SPIClass.o
                                                  ./main.o
SPIClass::~SPIClass()                             ./SPIClass.o
__bad_interrupt                                   /usr/lib/gcc/avr/4.9.2/../../../../avr/lib/avr25/tiny-stack/crttn25.o
__bss_end                                         /usr/lib/gcc/avr/4.9.2/avr25/tiny-stack/libgcc.a(_clear_bss.o)
__bss_start                                       /usr/lib/gcc/avr/4.9.2/avr25/tiny-stack/libgcc.a(_clear_bss.o)
__ctors_end                                       /usr/lib/gcc/avr/4.9.2/avr25/tiny-stack/libgcc.a(_ctors.o)
__ctors_start                                     /usr/lib/gcc/avr/4.9.2/avr25/tiny-stack/libgcc.a(_ctors.o)
__do_clear_bss                                    /usr/lib/gcc/avr/4.9.2/avr25/tiny-stack/libgcc.a(_clear_bss.o)
                                                  ./main.o
                                                  ./SPIClass.o
__do_global_ctors                                 /usr/lib/gcc/avr/4.9.2/avr25/tiny-stack/libgcc.a(_ctors.o)
                                                  ./main.o
__do_global_dtors                                 /usr/lib/gcc/avr/4.9.2/avr25/tiny-stack/libgcc.a(_dtors.o)
                                                  ./main.o
__dtors_end                                       /usr/lib/gcc/avr/4.9.2/avr25/tiny-stack/libgcc.a(_dtors.o)
__dtors_start                                     /usr/lib/gcc/avr/4.9.2/avr25/tiny-stack/libgcc.a(_dtors.o)
__heap_end                                        /usr/lib/gcc/avr/4.9.2/../../../../avr/lib/avr25/tiny-stack/crttn25.o
__init                                            /usr/lib/gcc/avr/4.9.2/../../../../avr/lib/avr25/tiny-stack/crttn25.o
__stack                                           /usr/lib/gcc/avr/4.9.2/../../../../avr/lib/avr25/tiny-stack/crttn25.o
__tablejump2__                                    /usr/lib/gcc/avr/4.9.2/avr25/tiny-stack/libgcc.a(_tablejump2.o)
                                                  /usr/lib/gcc/avr/4.9.2/avr25/tiny-stack/libgcc.a(_dtors.o)
                                                  /usr/lib/gcc/avr/4.9.2/avr25/tiny-stack/libgcc.a(_ctors.o)
__vector_1                                        /usr/lib/gcc/avr/4.9.2/../../../../avr/lib/avr25/tiny-stack/crttn25.o
__vector_10                                       ./main.o
                                                  /usr/lib/gcc/avr/4.9.2/../../../../avr/lib/avr25/tiny-stack/crttn25.o
__vector_11                                       /usr/lib/gcc/avr/4.9.2/../../../../avr/lib/avr25/tiny-stack/crttn25.o
__vector_12                                       /usr/lib/gcc/avr/4.9.2/../../../../avr/lib/avr25/tiny-stack/crttn25.o
__vector_13                                       /usr/lib/gcc/avr/4.9.2/../../../../avr/lib/avr25/tiny-stack/crttn25.o
__vector_14                                       ./main.o
                                                  /usr/lib/gcc/avr/4.9.2/../../../../avr/lib/avr25/tiny-stack/crttn25.o
__vector_2                                        ./main.o
                                                  /usr/lib/gcc/avr/4.9.2/../../../../avr/lib/avr25/tiny-stack/crttn25.o
__vector_3                                        /usr/lib/gcc/avr/4.9.2/../../../../avr/lib/avr25/tiny-stack/crttn25.o
__vector_4                                        /usr/lib/gcc/avr/4.9.2/../../../../avr/lib/avr25/tiny-stack/crttn25.o
__vector_5                                        /usr/lib/gcc/avr/4.9.2/../../../../avr/lib/avr25/tiny-stack/crttn25.o
__vector_6                                        /usr/lib/gcc/avr/4.9.2/../../../../avr/lib/avr25/tiny-stack/crttn25.o
__vector_7                                        /usr/lib/gcc/avr/4.9.2/../../../../avr/lib/avr25/tiny-stack/crttn25.o
__vector_8                                        /usr/lib/gcc/avr/4.9.2/../../../../avr/lib/avr25/tiny-stack/crttn25.o
__vector_9                                        /usr/lib/gcc/avr/4.9.2/../../../../avr/lib/avr25/tiny-stack/crttn25.o
__vector_default                                  /usr/lib/gcc/avr/4.9.2/../../../../avr/lib/avr25/tiny-stack/crttn25.o
__vectors                                         /usr/lib/gcc/avr/4.9.2/../../../../avr/lib/avr25/tiny-stack/crttn25.o
_exit                                             /usr/lib/gcc/avr/4.9.2/avr25/tiny-stack/libgcc.a(_exit.o)
delay(unsigned char)                              ./wrapper_arduino.o
digitalRead(unsigned char)                        ./wrapper_arduino.o
digitalWrite(unsigned char, unsigned char)        ./wrapper_arduino.o
exit                                              /usr/lib/gcc/avr/4.9.2/avr25/tiny-stack/libgcc.a(_exit.o)
                                                  /usr/lib/gcc/avr/4.9.2/../../../../avr/lib/avr25/tiny-stack/crttn25.o
main                                              ./main.o
                                                  /usr/lib/gcc/avr/4.9.2/../../../../avr/lib/avr25/tiny-stack/crttn25.o
memcpy(unsigned char*, unsigned char*, unsigned char) ./wrapper_arduino.o
pinMode(unsigned char, unsigned char)             ./wrapper_arduino.o
spiOn                                             ./main.o
spi_tx_buffer                                     ./SPIClass.o
spi_tx_count                                      ./SPIClass.o
transmissionSize                                  ./SPIClass.o
usi_byte_read                                     ./SPIClass.o
