Archive member included because of file (symbol)

/usr/lib/gcc/avr/4.9.2/avr25/tiny-stack/libgcc.a(_mulqi3.o)
                              ./MFRC522.o (__mulqi3)
/usr/lib/gcc/avr/4.9.2/avr25/tiny-stack/libgcc.a(_exit.o)
                              /usr/lib/gcc/avr/4.9.2/../../../../avr/lib/avr25/tiny-stack/crttn25.o (exit)
/usr/lib/gcc/avr/4.9.2/avr25/tiny-stack/libgcc.a(_copy_data.o)
                              ./MFRC522.o (__do_copy_data)
/usr/lib/gcc/avr/4.9.2/avr25/tiny-stack/libgcc.a(_clear_bss.o)
                              ./SPIClass.o (__do_clear_bss)
/usr/lib/gcc/avr/4.9.2/avr25/tiny-stack/libgcc.a(_ctors.o)
                              ./main.o (__do_global_ctors)
/usr/lib/gcc/avr/4.9.2/avr25/tiny-stack/libgcc.a(_dtors.o)
                              ./main.o (__do_global_dtors)
/usr/lib/gcc/avr/4.9.2/avr25/tiny-stack/libgcc.a(_tablejump2.o)
                              /usr/lib/gcc/avr/4.9.2/avr25/tiny-stack/libgcc.a(_ctors.o) (__tablejump2__)

Discarded input sections

 .bss           0x0000000000000000        0x0 /usr/lib/gcc/avr/4.9.2/../../../../avr/lib/avr25/tiny-stack/crttn25.o
 .group         0x0000000000000000        0x8 ./MFRC522.o
 .text          0x0000000000000000        0x0 ./MFRC522.o
 .bss           0x0000000000000000        0x0 ./MFRC522.o
 .text._ZN7MFRC5228PCD_InitEhh
                0x0000000000000000        0x8 ./MFRC522.o
 .text._ZN7MFRC52214PCD_AntennaOffEv
                0x0000000000000000        0x6 ./MFRC522.o
 .text._ZN7MFRC52218PCD_GetAntennaGainEv
                0x0000000000000000        0x8 ./MFRC522.o
 .text._ZN7MFRC52218PCD_SetAntennaGainEh
                0x0000000000000000       0x30 ./MFRC522.o
 .text._ZN7MFRC52221PCD_MIFARE_TransceiveEPhhb.part.2
                0x0000000000000000       0xbc ./MFRC522.o
 .text._ZN7MFRC52212PICC_WakeupAEPhS0_
                0x0000000000000000        0x8 ./MFRC522.o
 .text._ZN7MFRC52210PICC_HaltAEv
                0x0000000000000000       0x7e ./MFRC522.o
 .text._ZN7MFRC52216PCD_AuthenticateEhhPNS_10MIFARE_KeyEPNS_3UidE
                0x0000000000000000       0xa8 ./MFRC522.o
 .text._ZN7MFRC52215PCD_StopCrypto1Ev
                0x0000000000000000        0x6 ./MFRC522.o
 .text._ZN7MFRC52211MIFARE_ReadEhPhS0_
                0x0000000000000000       0x6e ./MFRC522.o
 .text._ZN7MFRC52223MIFARE_Ultralight_WriteEhPhh
                0x0000000000000000       0x4e ./MFRC522.o
 .text._ZN7MFRC52220MIFARE_TwoStepHelperEhhl
                0x0000000000000000       0x52 ./MFRC522.o
 .text._ZN7MFRC52216MIFARE_DecrementEhl
                0x0000000000000000       0x14 ./MFRC522.o
 .text._ZN7MFRC52216MIFARE_IncrementEhl
                0x0000000000000000       0x14 ./MFRC522.o
 .text._ZN7MFRC52214MIFARE_RestoreEh
                0x0000000000000000       0x16 ./MFRC522.o
 .text._ZN7MFRC52215MIFARE_TransferEh
                0x0000000000000000       0x26 ./MFRC522.o
 .text._ZN7MFRC52215MIFARE_GetValueEhPl
                0x0000000000000000       0x62 ./MFRC522.o
 .text._ZN7MFRC52216PCD_NTAG216_AUTHEPhS0_
                0x0000000000000000       0xaa ./MFRC522.o
 .text._ZN7MFRC52221PCD_MIFARE_TransceiveEPhhb
                0x0000000000000000       0x10 ./MFRC522.o
 .text._ZN7MFRC52212MIFARE_WriteEhPhh
                0x0000000000000000       0x5e ./MFRC522.o
 .text._ZN7MFRC52215MIFARE_SetValueEhl
                0x0000000000000000       0x88 ./MFRC522.o
 .text._ZN7MFRC52212PICC_GetTypeEh
                0x0000000000000000       0x16 ./MFRC522.o
 .text._ZN7MFRC52217PICC_DumpToSerialEPNS_3UidE
                0x0000000000000000       0x64 ./MFRC522.o
 .text._ZN7MFRC52220MIFARE_SetAccessBitsEPhhhhh
                0x0000000000000000       0xde ./MFRC522.o
 .rodata.CSWTCH.91
                0x0000000000000000       0x41 ./MFRC522.o
 .text          0x0000000000000000        0x0 ./SPIClass.o
 .bss           0x0000000000000000        0x0 ./SPIClass.o
 .text._ZN8SPIClassC2ER11SPISettings
                0x0000000000000000        0x8 ./SPIClass.o
 .text._ZN8SPIClass4stopEv
                0x0000000000000000        0x8 ./SPIClass.o
 .text._ZN8SPIClass8transferEPvj
                0x0000000000000000       0x1e ./SPIClass.o
 .text          0x0000000000000000        0x0 ./main.o
 .bss           0x0000000000000000        0x0 ./main.o
 .text          0x0000000000000000        0x0 ./wrapper_arduino.o
 .bss           0x0000000000000000        0x0 ./wrapper_arduino.o
 .text._Z6memcpyPhS_h
                0x0000000000000000       0x18 ./wrapper_arduino.o
 .text          0x0000000000000000        0x0 /usr/lib/gcc/avr/4.9.2/avr25/tiny-stack/libgcc.a(_mulqi3.o)
 .bss           0x0000000000000000        0x0 /usr/lib/gcc/avr/4.9.2/avr25/tiny-stack/libgcc.a(_mulqi3.o)
 .text.libgcc.div
                0x0000000000000000        0x0 /usr/lib/gcc/avr/4.9.2/avr25/tiny-stack/libgcc.a(_mulqi3.o)
 .text.libgcc   0x0000000000000000        0x0 /usr/lib/gcc/avr/4.9.2/avr25/tiny-stack/libgcc.a(_mulqi3.o)
 .text.libgcc.prologue
                0x0000000000000000        0x0 /usr/lib/gcc/avr/4.9.2/avr25/tiny-stack/libgcc.a(_mulqi3.o)
 .text.libgcc.builtins
                0x0000000000000000        0x0 /usr/lib/gcc/avr/4.9.2/avr25/tiny-stack/libgcc.a(_mulqi3.o)
 .text.libgcc.fmul
                0x0000000000000000        0x0 /usr/lib/gcc/avr/4.9.2/avr25/tiny-stack/libgcc.a(_mulqi3.o)
 .text.libgcc.fixed
                0x0000000000000000        0x0 /usr/lib/gcc/avr/4.9.2/avr25/tiny-stack/libgcc.a(_mulqi3.o)
 .text          0x0000000000000000        0x0 /usr/lib/gcc/avr/4.9.2/avr25/tiny-stack/libgcc.a(_exit.o)
 .bss           0x0000000000000000        0x0 /usr/lib/gcc/avr/4.9.2/avr25/tiny-stack/libgcc.a(_exit.o)
 .text.libgcc.mul
                0x0000000000000000        0x0 /usr/lib/gcc/avr/4.9.2/avr25/tiny-stack/libgcc.a(_exit.o)
 .text.libgcc.div
                0x0000000000000000        0x0 /usr/lib/gcc/avr/4.9.2/avr25/tiny-stack/libgcc.a(_exit.o)
 .text.libgcc   0x0000000000000000        0x0 /usr/lib/gcc/avr/4.9.2/avr25/tiny-stack/libgcc.a(_exit.o)
 .text.libgcc.prologue
                0x0000000000000000        0x0 /usr/lib/gcc/avr/4.9.2/avr25/tiny-stack/libgcc.a(_exit.o)
 .text.libgcc.builtins
                0x0000000000000000        0x0 /usr/lib/gcc/avr/4.9.2/avr25/tiny-stack/libgcc.a(_exit.o)
 .text.libgcc.fmul
                0x0000000000000000        0x0 /usr/lib/gcc/avr/4.9.2/avr25/tiny-stack/libgcc.a(_exit.o)
 .text.libgcc.fixed
                0x0000000000000000        0x0 /usr/lib/gcc/avr/4.9.2/avr25/tiny-stack/libgcc.a(_exit.o)
 .text          0x0000000000000000        0x0 /usr/lib/gcc/avr/4.9.2/avr25/tiny-stack/libgcc.a(_copy_data.o)
 .bss           0x0000000000000000        0x0 /usr/lib/gcc/avr/4.9.2/avr25/tiny-stack/libgcc.a(_copy_data.o)
 .text.libgcc.mul
                0x0000000000000000        0x0 /usr/lib/gcc/avr/4.9.2/avr25/tiny-stack/libgcc.a(_copy_data.o)
 .text.libgcc.div
                0x0000000000000000        0x0 /usr/lib/gcc/avr/4.9.2/avr25/tiny-stack/libgcc.a(_copy_data.o)
 .text.libgcc   0x0000000000000000        0x0 /usr/lib/gcc/avr/4.9.2/avr25/tiny-stack/libgcc.a(_copy_data.o)
 .text.libgcc.prologue
                0x0000000000000000        0x0 /usr/lib/gcc/avr/4.9.2/avr25/tiny-stack/libgcc.a(_copy_data.o)
 .text.libgcc.builtins
                0x0000000000000000        0x0 /usr/lib/gcc/avr/4.9.2/avr25/tiny-stack/libgcc.a(_copy_data.o)
 .text.libgcc.fmul
                0x0000000000000000        0x0 /usr/lib/gcc/avr/4.9.2/avr25/tiny-stack/libgcc.a(_copy_data.o)
 .text.libgcc.fixed
                0x0000000000000000        0x0 /usr/lib/gcc/avr/4.9.2/avr25/tiny-stack/libgcc.a(_copy_data.o)
 .text          0x0000000000000000        0x0 /usr/lib/gcc/avr/4.9.2/avr25/tiny-stack/libgcc.a(_clear_bss.o)
 .bss           0x0000000000000000        0x0 /usr/lib/gcc/avr/4.9.2/avr25/tiny-stack/libgcc.a(_clear_bss.o)
 .text.libgcc.mul
                0x0000000000000000        0x0 /usr/lib/gcc/avr/4.9.2/avr25/tiny-stack/libgcc.a(_clear_bss.o)
 .text.libgcc.div
                0x0000000000000000        0x0 /usr/lib/gcc/avr/4.9.2/avr25/tiny-stack/libgcc.a(_clear_bss.o)
 .text.libgcc   0x0000000000000000        0x0 /usr/lib/gcc/avr/4.9.2/avr25/tiny-stack/libgcc.a(_clear_bss.o)
 .text.libgcc.prologue
                0x0000000000000000        0x0 /usr/lib/gcc/avr/4.9.2/avr25/tiny-stack/libgcc.a(_clear_bss.o)
 .text.libgcc.builtins
                0x0000000000000000        0x0 /usr/lib/gcc/avr/4.9.2/avr25/tiny-stack/libgcc.a(_clear_bss.o)
 .text.libgcc.fmul
                0x0000000000000000        0x0 /usr/lib/gcc/avr/4.9.2/avr25/tiny-stack/libgcc.a(_clear_bss.o)
 .text.libgcc.fixed
                0x0000000000000000        0x0 /usr/lib/gcc/avr/4.9.2/avr25/tiny-stack/libgcc.a(_clear_bss.o)
 .text          0x0000000000000000        0x0 /usr/lib/gcc/avr/4.9.2/avr25/tiny-stack/libgcc.a(_ctors.o)
 .bss           0x0000000000000000        0x0 /usr/lib/gcc/avr/4.9.2/avr25/tiny-stack/libgcc.a(_ctors.o)
 .text.libgcc.mul
                0x0000000000000000        0x0 /usr/lib/gcc/avr/4.9.2/avr25/tiny-stack/libgcc.a(_ctors.o)
 .text.libgcc.div
                0x0000000000000000        0x0 /usr/lib/gcc/avr/4.9.2/avr25/tiny-stack/libgcc.a(_ctors.o)
 .text.libgcc   0x0000000000000000        0x0 /usr/lib/gcc/avr/4.9.2/avr25/tiny-stack/libgcc.a(_ctors.o)
 .text.libgcc.prologue
                0x0000000000000000        0x0 /usr/lib/gcc/avr/4.9.2/avr25/tiny-stack/libgcc.a(_ctors.o)
 .text.libgcc.builtins
                0x0000000000000000        0x0 /usr/lib/gcc/avr/4.9.2/avr25/tiny-stack/libgcc.a(_ctors.o)
 .text.libgcc.fmul
                0x0000000000000000        0x0 /usr/lib/gcc/avr/4.9.2/avr25/tiny-stack/libgcc.a(_ctors.o)
 .text.libgcc.fixed
                0x0000000000000000        0x0 /usr/lib/gcc/avr/4.9.2/avr25/tiny-stack/libgcc.a(_ctors.o)
 .text          0x0000000000000000        0x0 /usr/lib/gcc/avr/4.9.2/avr25/tiny-stack/libgcc.a(_dtors.o)
 .bss           0x0000000000000000        0x0 /usr/lib/gcc/avr/4.9.2/avr25/tiny-stack/libgcc.a(_dtors.o)
 .text.libgcc.mul
                0x0000000000000000        0x0 /usr/lib/gcc/avr/4.9.2/avr25/tiny-stack/libgcc.a(_dtors.o)
 .text.libgcc.div
                0x0000000000000000        0x0 /usr/lib/gcc/avr/4.9.2/avr25/tiny-stack/libgcc.a(_dtors.o)
 .text.libgcc   0x0000000000000000        0x0 /usr/lib/gcc/avr/4.9.2/avr25/tiny-stack/libgcc.a(_dtors.o)
 .text.libgcc.prologue
                0x0000000000000000        0x0 /usr/lib/gcc/avr/4.9.2/avr25/tiny-stack/libgcc.a(_dtors.o)
 .text.libgcc.builtins
                0x0000000000000000        0x0 /usr/lib/gcc/avr/4.9.2/avr25/tiny-stack/libgcc.a(_dtors.o)
 .text.libgcc.fmul
                0x0000000000000000        0x0 /usr/lib/gcc/avr/4.9.2/avr25/tiny-stack/libgcc.a(_dtors.o)
 .text.libgcc.fixed
                0x0000000000000000        0x0 /usr/lib/gcc/avr/4.9.2/avr25/tiny-stack/libgcc.a(_dtors.o)
 .text          0x0000000000000000        0x0 /usr/lib/gcc/avr/4.9.2/avr25/tiny-stack/libgcc.a(_tablejump2.o)
 .bss           0x0000000000000000        0x0 /usr/lib/gcc/avr/4.9.2/avr25/tiny-stack/libgcc.a(_tablejump2.o)
 .text.libgcc.mul
                0x0000000000000000        0x0 /usr/lib/gcc/avr/4.9.2/avr25/tiny-stack/libgcc.a(_tablejump2.o)
 .text.libgcc.div
                0x0000000000000000        0x0 /usr/lib/gcc/avr/4.9.2/avr25/tiny-stack/libgcc.a(_tablejump2.o)
 .text.libgcc.prologue
                0x0000000000000000        0x0 /usr/lib/gcc/avr/4.9.2/avr25/tiny-stack/libgcc.a(_tablejump2.o)
 .text.libgcc.builtins
                0x0000000000000000        0x0 /usr/lib/gcc/avr/4.9.2/avr25/tiny-stack/libgcc.a(_tablejump2.o)
 .text.libgcc.fmul
                0x0000000000000000        0x0 /usr/lib/gcc/avr/4.9.2/avr25/tiny-stack/libgcc.a(_tablejump2.o)
 .text.libgcc.fixed
                0x0000000000000000        0x0 /usr/lib/gcc/avr/4.9.2/avr25/tiny-stack/libgcc.a(_tablejump2.o)

Memory Configuration

Name             Origin             Length             Attributes
text             0x0000000000000000 0x0000000000002000 xr
data             0x0000000000800060 0x000000000000ffa0 rw !x
eeprom           0x0000000000810000 0x0000000000010000 rw !x
fuse             0x0000000000820000 0x0000000000000400 rw !x
lock             0x0000000000830000 0x0000000000000400 rw !x
signature        0x0000000000840000 0x0000000000000400 rw !x
*default*        0x0000000000000000 0xffffffffffffffff

Linker script and memory map

LOAD /usr/lib/gcc/avr/4.9.2/../../../../avr/lib/avr25/tiny-stack/crttn25.o
LOAD ./MFRC522.o
LOAD ./SPIClass.o
LOAD ./main.o
LOAD ./wrapper_arduino.o
LOAD /usr/lib/gcc/avr/4.9.2/avr25/tiny-stack/libgcc.a
LOAD /usr/lib/gcc/avr/4.9.2/../../../../avr/lib/avr25/tiny-stack/libm.a
START GROUP
LOAD /usr/lib/gcc/avr/4.9.2/avr25/tiny-stack/libgcc.a
LOAD /usr/lib/gcc/avr/4.9.2/../../../../avr/lib/avr25/tiny-stack/libm.a
LOAD /usr/lib/gcc/avr/4.9.2/../../../../avr/lib/avr25/tiny-stack/libc.a
END GROUP

.hash
 *(.hash)

.dynsym
 *(.dynsym)

.dynstr
 *(.dynstr)

.gnu.version
 *(.gnu.version)

.gnu.version_d
 *(.gnu.version_d)

.gnu.version_r
 *(.gnu.version_r)

.rel.init
 *(.rel.init)

.rela.init
 *(.rela.init)

.rel.text
 *(.rel.text)
 *(.rel.text.*)
 *(.rel.gnu.linkonce.t*)

.rela.text
 *(.rela.text)
 *(.rela.text.*)
 *(.rela.gnu.linkonce.t*)

.rel.fini
 *(.rel.fini)

.rela.fini
 *(.rela.fini)

.rel.rodata
 *(.rel.rodata)
 *(.rel.rodata.*)
 *(.rel.gnu.linkonce.r*)

.rela.rodata
 *(.rela.rodata)
 *(.rela.rodata.*)
 *(.rela.gnu.linkonce.r*)

.rel.data
 *(.rel.data)
 *(.rel.data.*)
 *(.rel.gnu.linkonce.d*)

.rela.data
 *(.rela.data)
 *(.rela.data.*)
 *(.rela.gnu.linkonce.d*)

.rel.ctors
 *(.rel.ctors)

.rela.ctors
 *(.rela.ctors)

.rel.dtors
 *(.rel.dtors)

.rela.dtors
 *(.rela.dtors)

.rel.got
 *(.rel.got)

.rela.got
 *(.rela.got)

.rel.bss
 *(.rel.bss)

.rela.bss
 *(.rela.bss)

.rel.plt
 *(.rel.plt)

.rela.plt
 *(.rela.plt)

.text           0x0000000000000000      0xf3a
 *(.vectors)
 .vectors       0x0000000000000000       0x1e /usr/lib/gcc/avr/4.9.2/../../../../avr/lib/avr25/tiny-stack/crttn25.o
                0x0000000000000000                __vectors
                0x0000000000000000                __vector_default
 *(.vectors)
 *(.progmem.gcc*)
                0x000000000000001e                . = ALIGN (0x2)
                0x000000000000001e                __trampolines_start = .
 *(.trampolines)
 .trampolines   0x000000000000001e        0x0 linker stubs
 *(.trampolines*)
                0x000000000000001e                __trampolines_end = .
 *(.progmem*)
 .progmem.data._ZL26FM17522_firmware_reference
                0x000000000000001e       0x40 ./MFRC522.o
 .progmem.data._ZL30MFRC522_firmware_referenceV2_0
                0x000000000000005e       0x40 ./MFRC522.o
 .progmem.data._ZL30MFRC522_firmware_referenceV1_0
                0x000000000000009e       0x40 ./MFRC522.o
 .progmem.data._ZL30MFRC522_firmware_referenceV0_0
                0x00000000000000de       0x40 ./MFRC522.o
                0x000000000000011e                . = ALIGN (0x2)
 *(.jumptables)
 *(.jumptables*)
 *(.lowtext)
 *(.lowtext*)
                0x000000000000011e                __ctors_start = .
 *(.ctors)
 .ctors         0x000000000000011e        0x2 ./main.o
                0x0000000000000120                __ctors_end = .
                0x0000000000000120                __dtors_start = .
 *(.dtors)
 .dtors         0x0000000000000120        0x2 ./main.o
                0x0000000000000122                __dtors_end = .
 SORT(*)(.ctors)
 SORT(*)(.dtors)
 *(.init0)
 .init0         0x0000000000000122        0x0 /usr/lib/gcc/avr/4.9.2/../../../../avr/lib/avr25/tiny-stack/crttn25.o
                0x0000000000000122                __init
 *(.init0)
 *(.init1)
 *(.init1)
 *(.init2)
 .init2         0x0000000000000122        0x8 /usr/lib/gcc/avr/4.9.2/../../../../avr/lib/avr25/tiny-stack/crttn25.o
 *(.init2)
 *(.init3)
 *(.init3)
 *(.init4)
 .init4         0x000000000000012a       0x16 /usr/lib/gcc/avr/4.9.2/avr25/tiny-stack/libgcc.a(_copy_data.o)
                0x000000000000012a                __do_copy_data
 .init4         0x0000000000000140       0x10 /usr/lib/gcc/avr/4.9.2/avr25/tiny-stack/libgcc.a(_clear_bss.o)
                0x0000000000000140                __do_clear_bss
 *(.init4)
 *(.init5)
 *(.init5)
 *(.init6)
 .init6         0x0000000000000150       0x14 /usr/lib/gcc/avr/4.9.2/avr25/tiny-stack/libgcc.a(_ctors.o)
                0x0000000000000150                __do_global_ctors
 *(.init6)
 *(.init7)
 *(.init7)
 *(.init8)
 *(.init8)
 *(.init9)
 .init9         0x0000000000000164        0x4 /usr/lib/gcc/avr/4.9.2/../../../../avr/lib/avr25/tiny-stack/crttn25.o
 *(.init9)
 *(.text)
 .text          0x0000000000000168        0x2 /usr/lib/gcc/avr/4.9.2/../../../../avr/lib/avr25/tiny-stack/crttn25.o
                0x0000000000000168                __vector_1
                0x0000000000000168                __vector_12
                0x0000000000000168                __bad_interrupt
                0x0000000000000168                __vector_6
                0x0000000000000168                __vector_3
                0x0000000000000168                __vector_11
                0x0000000000000168                __vector_13
                0x0000000000000168                __vector_7
                0x0000000000000168                __vector_5
                0x0000000000000168                __vector_4
                0x0000000000000168                __vector_9
                0x0000000000000168                __vector_8
                0x000000000000016a                . = ALIGN (0x2)
 *(.text.*)
 .text._ZN7MFRC52219PICC_ReadCardSerialEv
                0x000000000000016a       0x1c ./MFRC522.o
                0x000000000000016a                _ZN7MFRC52219PICC_ReadCardSerialEv
 .text._ZN7MFRC52216PCD_ReadRegisterENS_12PCD_RegisterEhPhh.part.0
                0x0000000000000186       0xb6 ./MFRC522.o
 .text._ZN7MFRC52217PCD_WriteRegisterENS_12PCD_RegisterEh
                0x000000000000023c       0x44 ./MFRC522.o
                0x000000000000023c                _ZN7MFRC52217PCD_WriteRegisterENS_12PCD_RegisterEh
 .text._ZN7MFRC52217PCD_WriteRegisterENS_12PCD_RegisterEhPh
                0x0000000000000280       0x86 ./MFRC522.o
                0x0000000000000280                _ZN7MFRC52217PCD_WriteRegisterENS_12PCD_RegisterEhPh
 .text._ZN7MFRC52216PCD_ReadRegisterENS_12PCD_RegisterE
                0x0000000000000306       0x46 ./MFRC522.o
                0x0000000000000306                _ZN7MFRC52216PCD_ReadRegisterENS_12PCD_RegisterE
 .text._ZN7MFRC52216PCD_ReadRegisterENS_12PCD_RegisterEhPhh
                0x000000000000034c        0xa ./MFRC522.o
                0x000000000000034c                _ZN7MFRC52216PCD_ReadRegisterENS_12PCD_RegisterEhPhh
 .text._ZN7MFRC52222PCD_SetRegisterBitMaskENS_12PCD_RegisterEh
                0x0000000000000356       0x2e ./MFRC522.o
                0x0000000000000356                _ZN7MFRC52222PCD_SetRegisterBitMaskENS_12PCD_RegisterEh
 .text._ZN7MFRC52224PCD_ClearRegisterBitMaskENS_12PCD_RegisterEh
                0x0000000000000384       0x30 ./MFRC522.o
                0x0000000000000384                _ZN7MFRC52224PCD_ClearRegisterBitMaskENS_12PCD_RegisterEh
 .text._ZN7MFRC52216PCD_CalculateCRCEPhhS0_
                0x00000000000003b4       0x88 ./MFRC522.o
                0x00000000000003b4                _ZN7MFRC52216PCD_CalculateCRCEPhhS0_
 .text._ZN7MFRC5229PCD_ResetEv
                0x000000000000043c       0x20 ./MFRC522.o
                0x000000000000043c                _ZN7MFRC5229PCD_ResetEv
 .text._ZN7MFRC52213PCD_AntennaOnEv
                0x000000000000045c       0x24 ./MFRC522.o
                0x000000000000045c                _ZN7MFRC52213PCD_AntennaOnEv
 .text._ZN7MFRC5228PCD_InitEv
                0x0000000000000480       0x84 ./MFRC522.o
                0x0000000000000480                _ZN7MFRC5228PCD_InitEv
 .text._ZN7MFRC52219PCD_PerformSelfTestEv
                0x0000000000000504       0xe6 ./MFRC522.o
                0x0000000000000504                _ZN7MFRC52219PCD_PerformSelfTestEv
 .text._ZN7MFRC52223PCD_CommunicateWithPICCEhhPhhS0_S0_S0_hb
                0x00000000000005ea      0x196 ./MFRC522.o
                0x00000000000005ea                _ZN7MFRC52223PCD_CommunicateWithPICCEhhPhhS0_S0_S0_hb
 .text._ZN7MFRC52218PCD_TransceiveDataEPhhS0_S0_S0_hb
                0x0000000000000780       0x3c ./MFRC522.o
                0x0000000000000780                _ZN7MFRC52218PCD_TransceiveDataEPhhS0_S0_S0_hb
 .text._ZN7MFRC52211PICC_SelectEPNS_3UidEh
                0x00000000000007bc      0x308 ./MFRC522.o
                0x00000000000007bc                _ZN7MFRC52211PICC_SelectEPNS_3UidEh
 .text._ZN7MFRC52217PICC_REQA_or_WUPAEhPhS0_
                0x0000000000000ac4       0x9c ./MFRC522.o
                0x0000000000000ac4                _ZN7MFRC52217PICC_REQA_or_WUPAEhPhS0_
 .text._ZN7MFRC52213PICC_RequestAEPhS0_
                0x0000000000000b60        0x8 ./MFRC522.o
                0x0000000000000b60                _ZN7MFRC52213PICC_RequestAEPhS0_
 .text._ZN7MFRC52221PICC_IsNewCardPresentEv
                0x0000000000000b68       0x5a ./MFRC522.o
                0x0000000000000b68                _ZN7MFRC52221PICC_IsNewCardPresentEv
 .text._ZN8SPIClassC2Ev
                0x0000000000000bc2        0x8 ./SPIClass.o
                0x0000000000000bc2                _ZN8SPIClassC2Ev
                0x0000000000000bc2                _ZN8SPIClassC1Ev
 .text._ZN8SPIClassD2Ev
                0x0000000000000bca        0x2 ./SPIClass.o
                0x0000000000000bca                _ZN8SPIClassD1Ev
                0x0000000000000bca                _ZN8SPIClassD2Ev
 .text._ZN8SPIClass9stopTimerEv
                0x0000000000000bcc        0xe ./SPIClass.o
                0x0000000000000bcc                _ZN8SPIClass9stopTimerEv
 .text._ZN8SPIClass10startTimerEv
                0x0000000000000bda        0xe ./SPIClass.o
                0x0000000000000bda                _ZN8SPIClass10startTimerEv
 .text._ZN8SPIClass14setCounterModeEv
                0x0000000000000be8       0x14 ./SPIClass.o
                0x0000000000000be8                _ZN8SPIClass14setCounterModeEv
 .text._ZN8SPIClass14setCounterTimeEv
                0x0000000000000bfc        0xe ./SPIClass.o
                0x0000000000000bfc                _ZN8SPIClass14setCounterTimeEv
 .text._ZN8SPIClass9configSPIE11SPISettings
                0x0000000000000c0a       0x1c ./SPIClass.o
                0x0000000000000c0a                _ZN8SPIClass9configSPIE11SPISettings
 .text._ZN8SPIClass5beginEv
                0x0000000000000c26        0x6 ./SPIClass.o
                0x0000000000000c26                _ZN8SPIClass5beginEv
 .text._ZN8SPIClass16beginTransactionE11SPISettings
                0x0000000000000c2c       0x32 ./SPIClass.o
                0x0000000000000c2c                _ZN8SPIClass16beginTransactionE11SPISettings
 .text._ZN8SPIClass8transferEh
                0x0000000000000c5e       0x3e ./SPIClass.o
                0x0000000000000c5e                _ZN8SPIClass8transferEh
 .text._ZN8SPIClass14endTransactionEv
                0x0000000000000c9c        0x6 ./SPIClass.o
                0x0000000000000c9c                _ZN8SPIClass14endTransactionEv
 .text._ZN8SPIClass18manage_USI_OVF_ISREv
                0x0000000000000ca2       0x3e ./SPIClass.o
                0x0000000000000ca2                _ZN8SPIClass18manage_USI_OVF_ISREv
 .text._ZN8SPIClass23manage_TIMER0_COMPA_ISREv
                0x0000000000000ce0        0x4 ./SPIClass.o
                0x0000000000000ce0                _ZN8SPIClass23manage_TIMER0_COMPA_ISREv
 .text.__vector_2
                0x0000000000000ce4       0x24 ./main.o
                0x0000000000000ce4                __vector_2
 .text.__vector_14
                0x0000000000000d08       0x4a ./main.o
                0x0000000000000d08                __vector_14
 .text.__vector_10
                0x0000000000000d52       0x4a ./main.o
                0x0000000000000d52                __vector_10
 .text.startup.main
                0x0000000000000d9c       0xc8 ./main.o
                0x0000000000000d9c                main
 .text.startup._GLOBAL__sub_I_SPI
                0x0000000000000e64       0x2e ./main.o
 .text.exit._GLOBAL__sub_D_SPI
                0x0000000000000e92        0x6 ./main.o
 .text._Z12digitalWritehh
                0x0000000000000e98       0x20 ./wrapper_arduino.o
                0x0000000000000e98                _Z12digitalWritehh
 .text._Z7pinModehh
                0x0000000000000eb8       0x32 ./wrapper_arduino.o
                0x0000000000000eb8                _Z7pinModehh
 .text._Z11digitalReadh
                0x0000000000000eea        0x4 ./wrapper_arduino.o
                0x0000000000000eea                _Z11digitalReadh
 .text._Z5delayh
                0x0000000000000eee       0x16 ./wrapper_arduino.o
                0x0000000000000eee                _Z5delayh
 .text.libgcc.mul
                0x0000000000000f04       0x12 /usr/lib/gcc/avr/4.9.2/avr25/tiny-stack/libgcc.a(_mulqi3.o)
                0x0000000000000f04                __mulqi3
 .text.libgcc   0x0000000000000f16        0xc /usr/lib/gcc/avr/4.9.2/avr25/tiny-stack/libgcc.a(_tablejump2.o)
                0x0000000000000f16                __tablejump2__
                0x0000000000000f22                . = ALIGN (0x2)
 *(.fini9)
 .fini9         0x0000000000000f22        0x0 /usr/lib/gcc/avr/4.9.2/avr25/tiny-stack/libgcc.a(_exit.o)
                0x0000000000000f22                exit
                0x0000000000000f22                _exit
 *(.fini9)
 *(.fini8)
 *(.fini8)
 *(.fini7)
 *(.fini7)
 *(.fini6)
 .fini6         0x0000000000000f22       0x14 /usr/lib/gcc/avr/4.9.2/avr25/tiny-stack/libgcc.a(_dtors.o)
                0x0000000000000f22                __do_global_dtors
 *(.fini6)
 *(.fini5)
 *(.fini5)
 *(.fini4)
 *(.fini4)
 *(.fini3)
 *(.fini3)
 *(.fini2)
 *(.fini2)
 *(.fini1)
 *(.fini1)
 *(.fini0)
 .fini0         0x0000000000000f36        0x4 /usr/lib/gcc/avr/4.9.2/avr25/tiny-stack/libgcc.a(_exit.o)
 *(.fini0)
                0x0000000000000f3a                _etext = .

.data           0x0000000000800060        0xa load address 0x0000000000000f3a
                0x0000000000800060                PROVIDE (__data_start, .)
 *(.data)
 .data          0x0000000000800060        0x0 /usr/lib/gcc/avr/4.9.2/../../../../avr/lib/avr25/tiny-stack/crttn25.o
 .data          0x0000000000800060        0x0 ./MFRC522.o
 .data          0x0000000000800060        0x0 ./SPIClass.o
 .data          0x0000000000800060        0x0 ./main.o
 .data          0x0000000000800060        0x0 ./wrapper_arduino.o
 .data          0x0000000000800060        0x0 /usr/lib/gcc/avr/4.9.2/avr25/tiny-stack/libgcc.a(_mulqi3.o)
 .data          0x0000000000800060        0x0 /usr/lib/gcc/avr/4.9.2/avr25/tiny-stack/libgcc.a(_exit.o)
 .data          0x0000000000800060        0x0 /usr/lib/gcc/avr/4.9.2/avr25/tiny-stack/libgcc.a(_copy_data.o)
 .data          0x0000000000800060        0x0 /usr/lib/gcc/avr/4.9.2/avr25/tiny-stack/libgcc.a(_clear_bss.o)
 .data          0x0000000000800060        0x0 /usr/lib/gcc/avr/4.9.2/avr25/tiny-stack/libgcc.a(_ctors.o)
 .data          0x0000000000800060        0x0 /usr/lib/gcc/avr/4.9.2/avr25/tiny-stack/libgcc.a(_dtors.o)
 .data          0x0000000000800060        0x0 /usr/lib/gcc/avr/4.9.2/avr25/tiny-stack/libgcc.a(_tablejump2.o)
 *(.data*)
 *(.rodata)
 *(.rodata*)
 .rodata._ZTV7MFRC522
                0x0000000000800060        0xa ./MFRC522.o
                0x0000000000800060                _ZTV7MFRC522
 *(.gnu.linkonce.d*)
                0x000000000080006a                . = ALIGN (0x2)
                0x000000000080006a                _edata = .
                0x000000000080006a                PROVIDE (__data_end, .)

.bss            0x000000000080006a       0x20
                0x000000000080006a                PROVIDE (__bss_start, .)
 *(.bss)
 *(.bss*)
 .bss.usi_byte_read
                0x000000000080006a        0x1 ./SPIClass.o
                0x000000000080006a                usi_byte_read
 .bss.spi_tx_buffer
                0x000000000080006b        0x2 ./SPIClass.o
                0x000000000080006b                spi_tx_buffer
 .bss.transmissionSize
                0x000000000080006d        0x1 ./SPIClass.o
                0x000000000080006d                transmissionSize
 .bss.spi_tx_count
                0x000000000080006e        0x1 ./SPIClass.o
                0x000000000080006e                spi_tx_count
 .bss.mfrc522   0x000000000080006f       0x15 ./main.o
                0x000000000080006f                mfrc522
 .bss.spiOn     0x0000000000800084        0x1 ./main.o
                0x0000000000800084                spiOn
 .bss.SPI       0x0000000000800085        0x5 ./main.o
                0x0000000000800085                SPI
 *(COMMON)
                0x000000000080008a                PROVIDE (__bss_end, .)
                0x0000000000000f3a                __data_load_start = LOADADDR (.data)
                0x0000000000000f44                __data_load_end = (__data_load_start + SIZEOF (.data))

.noinit         0x000000000080008a        0x0
                0x000000000080008a                PROVIDE (__noinit_start, .)
 *(.noinit*)
                0x000000000080008a                PROVIDE (__noinit_end, .)
                0x000000000080008a                _end = .
                0x000000000080008a                PROVIDE (__heap_start, .)

.eeprom         0x0000000000810000        0x0
 *(.eeprom*)
                0x0000000000810000                __eeprom_end = .

.fuse
 *(.fuse)
 *(.lfuse)
 *(.hfuse)
 *(.efuse)

.lock
 *(.lock*)

.signature
 *(.signature*)

.stab           0x0000000000000000     0x3f6c
 *(.stab)
 .stab          0x0000000000000000      0x6b4 /usr/lib/gcc/avr/4.9.2/../../../../avr/lib/avr25/tiny-stack/crttn25.o
 .stab          0x00000000000006b4     0x1b30 ./MFRC522.o
                                       0x2958 (size before relaxing)
 .stab          0x00000000000021e4      0x984 ./SPIClass.o
                                        0xa74 (size before relaxing)
 .stab          0x0000000000002b68      0x900 ./main.o
                                        0x90c (size before relaxing)
 .stab          0x0000000000003468      0x600 ./wrapper_arduino.o
                                        0x678 (size before relaxing)
 .stab          0x0000000000003a68       0xc0 /usr/lib/gcc/avr/4.9.2/avr25/tiny-stack/libgcc.a(_mulqi3.o)
                                         0xcc (size before relaxing)
 .stab          0x0000000000003b28       0x6c /usr/lib/gcc/avr/4.9.2/avr25/tiny-stack/libgcc.a(_exit.o)
                                         0x78 (size before relaxing)
 .stab          0x0000000000003b94       0xd8 /usr/lib/gcc/avr/4.9.2/avr25/tiny-stack/libgcc.a(_copy_data.o)
                                         0xe4 (size before relaxing)
 .stab          0x0000000000003c6c       0xb4 /usr/lib/gcc/avr/4.9.2/avr25/tiny-stack/libgcc.a(_clear_bss.o)
                                         0xc0 (size before relaxing)
 .stab          0x0000000000003d20       0xd8 /usr/lib/gcc/avr/4.9.2/avr25/tiny-stack/libgcc.a(_ctors.o)
                                         0xe4 (size before relaxing)
 .stab          0x0000000000003df8       0xd8 /usr/lib/gcc/avr/4.9.2/avr25/tiny-stack/libgcc.a(_dtors.o)
                                         0xe4 (size before relaxing)
 .stab          0x0000000000003ed0       0x9c /usr/lib/gcc/avr/4.9.2/avr25/tiny-stack/libgcc.a(_tablejump2.o)
                                         0xa8 (size before relaxing)

.stabstr        0x0000000000000000     0x30e8
 *(.stabstr)
 .stabstr       0x0000000000000000     0x30e8 /usr/lib/gcc/avr/4.9.2/../../../../avr/lib/avr25/tiny-stack/crttn25.o

.stab.excl
 *(.stab.excl)

.stab.exclstr
 *(.stab.exclstr)

.stab.index
 *(.stab.index)

.stab.indexstr
 *(.stab.indexstr)

.comment        0x0000000000000000       0x20
 *(.comment)
 .comment       0x0000000000000000       0x20 ./MFRC522.o
                                         0x21 (size before relaxing)
 .comment       0x0000000000000000       0x21 ./SPIClass.o
 .comment       0x0000000000000000       0x21 ./main.o
 .comment       0x0000000000000000       0x21 ./wrapper_arduino.o

.note.gnu.build-id
 *(.note.gnu.build-id)

.debug
 *(.debug)

.line
 *(.line)

.debug_srcinfo
 *(.debug_srcinfo)

.debug_sfnames
 *(.debug_sfnames)

.debug_aranges
 *(.debug_aranges)

.debug_pubnames
 *(.debug_pubnames)

.debug_info
 *(.debug_info .gnu.linkonce.wi.*)

.debug_abbrev
 *(.debug_abbrev)

.debug_line
 *(.debug_line .debug_line.* .debug_line_end)

.debug_frame
 *(.debug_frame)

.debug_str
 *(.debug_str)

.debug_loc
 *(.debug_loc)

.debug_macinfo
 *(.debug_macinfo)

.debug_weaknames
 *(.debug_weaknames)

.debug_funcnames
 *(.debug_funcnames)

.debug_typenames
 *(.debug_typenames)

.debug_varnames
 *(.debug_varnames)

.debug_pubtypes
 *(.debug_pubtypes)

.debug_ranges
 *(.debug_ranges)

.debug_macro
 *(.debug_macro)
OUTPUT(at25_rfid.elf elf32-avr)
LOAD linker stubs

Cross Reference Table

Symbol                                            File
MFRC522::MIFARE_Decrement(unsigned char, long)    ./MFRC522.o
MFRC522::MIFARE_GetValue(unsigned char, long*)    ./MFRC522.o
MFRC522::MIFARE_Increment(unsigned char, long)    ./MFRC522.o
MFRC522::MIFARE_Read(unsigned char, unsigned char*, unsigned char*) ./MFRC522.o
MFRC522::MIFARE_Restore(unsigned char)            ./MFRC522.o
MFRC522::MIFARE_SetAccessBits(unsigned char*, unsigned char, unsigned char, unsigned char, unsigned char) ./MFRC522.o
MFRC522::MIFARE_SetValue(unsigned char, long)     ./MFRC522.o
MFRC522::MIFARE_Transfer(unsigned char)           ./MFRC522.o
MFRC522::MIFARE_TwoStepHelper(unsigned char, unsigned char, long) ./MFRC522.o
MFRC522::MIFARE_Ultralight_Write(unsigned char, unsigned char*, unsigned char) ./MFRC522.o
MFRC522::MIFARE_Write(unsigned char, unsigned char*, unsigned char) ./MFRC522.o
MFRC522::PCD_AntennaOff()                         ./MFRC522.o
MFRC522::PCD_AntennaOn()                          ./MFRC522.o
MFRC522::PCD_Authenticate(unsigned char, unsigned char, MFRC522::MIFARE_Key*, MFRC522::Uid*) ./MFRC522.o
MFRC522::PCD_CalculateCRC(unsigned char*, unsigned char, unsigned char*) ./MFRC522.o
MFRC522::PCD_ClearRegisterBitMask(MFRC522::PCD_Register, unsigned char) ./MFRC522.o
MFRC522::PCD_CommunicateWithPICC(unsigned char, unsigned char, unsigned char*, unsigned char, unsigned char*, unsigned char*, unsigned char*, unsigned char, bool) ./MFRC522.o
MFRC522::PCD_GetAntennaGain()                     ./MFRC522.o
MFRC522::PCD_Init()                               ./MFRC522.o
                                                  ./main.o
MFRC522::PCD_Init(unsigned char, unsigned char)   ./MFRC522.o
MFRC522::PCD_MIFARE_Transceive(unsigned char*, unsigned char, bool) ./MFRC522.o
MFRC522::PCD_NTAG216_AUTH(unsigned char*, unsigned char*) ./MFRC522.o
MFRC522::PCD_PerformSelfTest()                    ./MFRC522.o
                                                  ./main.o
MFRC522::PCD_ReadRegister(MFRC522::PCD_Register)  ./MFRC522.o
MFRC522::PCD_ReadRegister(MFRC522::PCD_Register, unsigned char, unsigned char*, unsigned char) ./MFRC522.o
MFRC522::PCD_Reset()                              ./MFRC522.o
MFRC522::PCD_SetAntennaGain(unsigned char)        ./MFRC522.o
MFRC522::PCD_SetRegisterBitMask(MFRC522::PCD_Register, unsigned char) ./MFRC522.o
MFRC522::PCD_StopCrypto1()                        ./MFRC522.o
MFRC522::PCD_TransceiveData(unsigned char*, unsigned char, unsigned char*, unsigned char*, unsigned char*, unsigned char, bool) ./MFRC522.o
MFRC522::PCD_WriteRegister(MFRC522::PCD_Register, unsigned char) ./MFRC522.o
MFRC522::PCD_WriteRegister(MFRC522::PCD_Register, unsigned char, unsigned char*) ./MFRC522.o
MFRC522::PICC_DumpDetailsToSerial(MFRC522::Uid*)  ./MFRC522.o
MFRC522::PICC_DumpMifareClassicToSerial(MFRC522::Uid*, MFRC522::PICC_Type, MFRC522::MIFARE_Key*) ./MFRC522.o
MFRC522::PICC_DumpMifareUltralightToSerial()      ./MFRC522.o
MFRC522::PICC_DumpToSerial(MFRC522::Uid*)         ./MFRC522.o
MFRC522::PICC_GetType(unsigned char)              ./MFRC522.o
MFRC522::PICC_HaltA()                             ./MFRC522.o
MFRC522::PICC_IsNewCardPresent()                  ./MFRC522.o
MFRC522::PICC_REQA_or_WUPA(unsigned char, unsigned char*, unsigned char*) ./MFRC522.o
MFRC522::PICC_ReadCardSerial()                    ./MFRC522.o
MFRC522::PICC_RequestA(unsigned char*, unsigned char*) ./MFRC522.o
MFRC522::PICC_Select(MFRC522::Uid*, unsigned char) ./MFRC522.o
MFRC522::PICC_WakeupA(unsigned char*, unsigned char*) ./MFRC522.o
SPI                                               ./main.o
SPIClass::SPIClass()                              ./SPIClass.o
SPIClass::SPIClass()                              ./SPIClass.o
                                                  ./main.o
SPIClass::SPIClass(SPISettings&)                  ./SPIClass.o
SPIClass::SPIClass(SPISettings&)                  ./SPIClass.o
SPIClass::begin()                                 ./SPIClass.o
                                                  ./main.o
SPIClass::beginTransaction(SPISettings)           ./SPIClass.o
                                                  ./main.o
                                                  ./MFRC522.o
SPIClass::configSPI(SPISettings)                  ./SPIClass.o
SPIClass::endTransaction()                        ./SPIClass.o
                                                  ./main.o
                                                  ./MFRC522.o
SPIClass::manage_TIMER0_COMPA_ISR()               ./SPIClass.o
                                                  ./main.o
SPIClass::manage_USI_OVF_ISR()                    ./SPIClass.o
                                                  ./main.o
SPIClass::setCounterMode()                        ./SPIClass.o
SPIClass::setCounterTime()                        ./SPIClass.o
SPIClass::startTimer()                            ./SPIClass.o
SPIClass::stop()                                  ./SPIClass.o
SPIClass::stopTimer()                             ./SPIClass.o
SPIClass::transfer(unsigned char)                 ./SPIClass.o
                                                  ./main.o
                                                  ./MFRC522.o
SPIClass::transfer(void*, unsigned int)           ./SPIClass.o
SPIClass::~SPIClass()                             ./SPIClass.o
                                                  ./main.o
SPIClass::~SPIClass()                             ./SPIClass.o
__bad_interrupt                                   /usr/lib/gcc/avr/4.9.2/../../../../avr/lib/avr25/tiny-stack/crttn25.o
__bss_end                                         /usr/lib/gcc/avr/4.9.2/avr25/tiny-stack/libgcc.a(_clear_bss.o)
__bss_start                                       /usr/lib/gcc/avr/4.9.2/avr25/tiny-stack/libgcc.a(_clear_bss.o)
__ctors_end                                       /usr/lib/gcc/avr/4.9.2/avr25/tiny-stack/libgcc.a(_ctors.o)
__ctors_start                                     /usr/lib/gcc/avr/4.9.2/avr25/tiny-stack/libgcc.a(_ctors.o)
__data_end                                        /usr/lib/gcc/avr/4.9.2/avr25/tiny-stack/libgcc.a(_copy_data.o)
__data_load_start                                 /usr/lib/gcc/avr/4.9.2/avr25/tiny-stack/libgcc.a(_copy_data.o)
__data_start                                      /usr/lib/gcc/avr/4.9.2/avr25/tiny-stack/libgcc.a(_copy_data.o)
__do_clear_bss                                    /usr/lib/gcc/avr/4.9.2/avr25/tiny-stack/libgcc.a(_clear_bss.o)
                                                  ./main.o
                                                  ./SPIClass.o
__do_copy_data                                    /usr/lib/gcc/avr/4.9.2/avr25/tiny-stack/libgcc.a(_copy_data.o)
                                                  ./MFRC522.o
__do_global_ctors                                 /usr/lib/gcc/avr/4.9.2/avr25/tiny-stack/libgcc.a(_ctors.o)
                                                  ./main.o
__do_global_dtors                                 /usr/lib/gcc/avr/4.9.2/avr25/tiny-stack/libgcc.a(_dtors.o)
                                                  ./main.o
__dtors_end                                       /usr/lib/gcc/avr/4.9.2/avr25/tiny-stack/libgcc.a(_dtors.o)
__dtors_start                                     /usr/lib/gcc/avr/4.9.2/avr25/tiny-stack/libgcc.a(_dtors.o)
__heap_end                                        /usr/lib/gcc/avr/4.9.2/../../../../avr/lib/avr25/tiny-stack/crttn25.o
__init                                            /usr/lib/gcc/avr/4.9.2/../../../../avr/lib/avr25/tiny-stack/crttn25.o
__mulqi3                                          /usr/lib/gcc/avr/4.9.2/avr25/tiny-stack/libgcc.a(_mulqi3.o)
                                                  ./MFRC522.o
__stack                                           /usr/lib/gcc/avr/4.9.2/../../../../avr/lib/avr25/tiny-stack/crttn25.o
__tablejump2__                                    /usr/lib/gcc/avr/4.9.2/avr25/tiny-stack/libgcc.a(_tablejump2.o)
                                                  /usr/lib/gcc/avr/4.9.2/avr25/tiny-stack/libgcc.a(_dtors.o)
                                                  /usr/lib/gcc/avr/4.9.2/avr25/tiny-stack/libgcc.a(_ctors.o)
__vector_1                                        /usr/lib/gcc/avr/4.9.2/../../../../avr/lib/avr25/tiny-stack/crttn25.o
__vector_10                                       ./main.o
                                                  /usr/lib/gcc/avr/4.9.2/../../../../avr/lib/avr25/tiny-stack/crttn25.o
__vector_11                                       /usr/lib/gcc/avr/4.9.2/../../../../avr/lib/avr25/tiny-stack/crttn25.o
__vector_12                                       /usr/lib/gcc/avr/4.9.2/../../../../avr/lib/avr25/tiny-stack/crttn25.o
__vector_13                                       /usr/lib/gcc/avr/4.9.2/../../../../avr/lib/avr25/tiny-stack/crttn25.o
__vector_14                                       ./main.o
                                                  /usr/lib/gcc/avr/4.9.2/../../../../avr/lib/avr25/tiny-stack/crttn25.o
__vector_2                                        ./main.o
                                                  /usr/lib/gcc/avr/4.9.2/../../../../avr/lib/avr25/tiny-stack/crttn25.o
__vector_3                                        /usr/lib/gcc/avr/4.9.2/../../../../avr/lib/avr25/tiny-stack/crttn25.o
__vector_4                                        /usr/lib/gcc/avr/4.9.2/../../../../avr/lib/avr25/tiny-stack/crttn25.o
__vector_5                                        /usr/lib/gcc/avr/4.9.2/../../../../avr/lib/avr25/tiny-stack/crttn25.o
__vector_6                                        /usr/lib/gcc/avr/4.9.2/../../../../avr/lib/avr25/tiny-stack/crttn25.o
__vector_7                                        /usr/lib/gcc/avr/4.9.2/../../../../avr/lib/avr25/tiny-stack/crttn25.o
__vector_8                                        /usr/lib/gcc/avr/4.9.2/../../../../avr/lib/avr25/tiny-stack/crttn25.o
__vector_9                                        /usr/lib/gcc/avr/4.9.2/../../../../avr/lib/avr25/tiny-stack/crttn25.o
__vector_default                                  /usr/lib/gcc/avr/4.9.2/../../../../avr/lib/avr25/tiny-stack/crttn25.o
__vectors                                         /usr/lib/gcc/avr/4.9.2/../../../../avr/lib/avr25/tiny-stack/crttn25.o
_exit                                             /usr/lib/gcc/avr/4.9.2/avr25/tiny-stack/libgcc.a(_exit.o)
delay(unsigned char)                              ./wrapper_arduino.o
                                                  ./MFRC522.o
digitalRead(unsigned char)                        ./wrapper_arduino.o
                                                  ./MFRC522.o
digitalWrite(unsigned char, unsigned char)        ./wrapper_arduino.o
                                                  ./MFRC522.o
exit                                              /usr/lib/gcc/avr/4.9.2/avr25/tiny-stack/libgcc.a(_exit.o)
                                                  /usr/lib/gcc/avr/4.9.2/../../../../avr/lib/avr25/tiny-stack/crttn25.o
main                                              ./main.o
                                                  /usr/lib/gcc/avr/4.9.2/../../../../avr/lib/avr25/tiny-stack/crttn25.o
memcpy(unsigned char*, unsigned char*, unsigned char) ./wrapper_arduino.o
                                                  ./MFRC522.o
mfrc522                                           ./main.o
pinMode(unsigned char, unsigned char)             ./wrapper_arduino.o
                                                  ./MFRC522.o
spiOn                                             ./main.o
spi_tx_buffer                                     ./SPIClass.o
spi_tx_count                                      ./SPIClass.o
transmissionSize                                  ./SPIClass.o
usi_byte_read                                     ./SPIClass.o
vtable for MFRC522                                ./MFRC522.o
                                                  ./main.o
